  Determining projects to restore...
  Restored c:\Users\mathi\Documents\development\backend\Domain\Domain.csproj (in 113 ms).
c:\Users\mathi\Documents\development\backend\UI-MVC\UI-MVC.csproj : warning NU1901: Package 'NuGet.Packaging' 6.12.1 has a known low severity vulnerability, https://github.com/advisories/GHSA-g4vj-cjjj-v7hg
c:\Users\mathi\Documents\development\backend\UI-MVC\UI-MVC.csproj : warning NU1901: Package 'NuGet.Protocol' 6.12.1 has a known low severity vulnerability, https://github.com/advisories/GHSA-g4vj-cjjj-v7hg
  Restored c:\Users\mathi\Documents\development\backend\DAL\DAL.csproj (in 290 ms).
  Restored c:\Users\mathi\Documents\development\backend\BL\BL.csproj (in 290 ms).
  Restored c:\Users\mathi\Documents\development\backend\UI-MVC\UI-MVC.csproj (in 357 ms).
C:\Users\mathi\Documents\development\backend\UI-MVC\UI-MVC.csproj : warning NU1901: Package 'NuGet.Packaging' 6.12.1 has a known low severity vulnerability, https://github.com/advisories/GHSA-g4vj-cjjj-v7hg [c:\Users\mathi\Documents\development\backend\UI-MVC\UI-MVC.csproj]
C:\Users\mathi\Documents\development\backend\UI-MVC\UI-MVC.csproj : warning NU1901: Package 'NuGet.Protocol' 6.12.1 has a known low severity vulnerability, https://github.com/advisories/GHSA-g4vj-cjjj-v7hg [c:\Users\mathi\Documents\development\backend\UI-MVC\UI-MVC.csproj]
c:\Users\mathi\Documents\development\backend\Domain\Ideation\Idea.cs(20,18): warning CS8632: The annotation for nullable reference types should only be used in code within a '#nullable' annotations context. [c:\Users\mathi\Documents\development\backend\Domain\Domain.csproj]
  Domain -> c:\Users\mathi\Documents\development\backend\Domain\bin\Debug\net10.0\Conversey.BL.Domain.dll
c:\Users\mathi\Documents\development\backend\DAL\Ai\AuditRepository.cs(18,104): warning CS8632: The annotation for nullable reference types should only be used in code within a '#nullable' annotations context. [c:\Users\mathi\Documents\development\backend\DAL\DAL.csproj]
c:\Users\mathi\Documents\development\backend\DAL\Ai\AuditRepository.cs(18,132): warning CS8632: The annotation for nullable reference types should only be used in code within a '#nullable' annotations context. [c:\Users\mathi\Documents\development\backend\DAL\DAL.csproj]
c:\Users\mathi\Documents\development\backend\DAL\Ai\AuditRepository.cs(46,15): warning CS8632: The annotation for nullable reference types should only be used in code within a '#nullable' annotations context. [c:\Users\mathi\Documents\development\backend\DAL\DAL.csproj]
c:\Users\mathi\Documents\development\backend\DAL\Ai\AuditRepository.cs(47,15): warning CS8632: The annotation for nullable reference types should only be used in code within a '#nullable' annotations context. [c:\Users\mathi\Documents\development\backend\DAL\DAL.csproj]
c:\Users\mathi\Documents\development\backend\DAL\Ai\AuditRepository.cs(48,15): warning CS8632: The annotation for nullable reference types should only be used in code within a '#nullable' annotations context. [c:\Users\mathi\Documents\development\backend\DAL\DAL.csproj]
c:\Users\mathi\Documents\development\backend\DAL\Ai\AuditRepository.cs(49,15): warning CS8632: The annotation for nullable reference types should only be used in code within a '#nullable' annotations context. [c:\Users\mathi\Documents\development\backend\DAL\DAL.csproj]
c:\Users\mathi\Documents\development\backend\DAL\Ai\AuditRepository.cs(50,15): warning CS8632: The annotation for nullable reference types should only be used in code within a '#nullable' annotations context. [c:\Users\mathi\Documents\development\backend\DAL\DAL.csproj]
c:\Users\mathi\Documents\development\backend\DAL\Ai\AuditRepository.cs(51,15): warning CS8632: The annotation for nullable reference types should only be used in code within a '#nullable' annotations context. [c:\Users\mathi\Documents\development\backend\DAL\DAL.csproj]
c:\Users\mathi\Documents\development\backend\DAL\Ai\IAuditRepository.cs(7,205): warning CS8632: The annotation for nullable reference types should only be used in code within a '#nullable' annotations context. [c:\Users\mathi\Documents\development\backend\DAL\DAL.csproj]
c:\Users\mathi\Documents\development\backend\DAL\Ai\IAuditRepository.cs(7,233): warning CS8632: The annotation for nullable reference types should only be used in code within a '#nullable' annotations context. [c:\Users\mathi\Documents\development\backend\DAL\DAL.csproj]
c:\Users\mathi\Documents\development\backend\DAL\Ai\CostLimitRepository.cs(16,34): warning CS8632: The annotation for nullable reference types should only be used in code within a '#nullable' annotations context. [c:\Users\mathi\Documents\development\backend\DAL\DAL.csproj]
c:\Users\mathi\Documents\development\backend\DAL\Ai\CostLimitRepository.cs(23,34): warning CS8632: The annotation for nullable reference types should only be used in code within a '#nullable' annotations context. [c:\Users\mathi\Documents\development\backend\DAL\DAL.csproj]
c:\Users\mathi\Documents\development\backend\DAL\Analytics\AnalyticsRepository.cs(38,131): warning CS8632: The annotation for nullable reference types should only be used in code within a '#nullable' annotations context. [c:\Users\mathi\Documents\development\backend\DAL\DAL.csproj]
c:\Users\mathi\Documents\development\backend\DAL\Ai\ICostLimitRepository.cs(7,21): warning CS8632: The annotation for nullable reference types should only be used in code within a '#nullable' annotations context. [c:\Users\mathi\Documents\development\backend\DAL\DAL.csproj]
c:\Users\mathi\Documents\development\backend\DAL\Analytics\AnalyticsRepository.cs(109,121): warning CS8632: The annotation for nullable reference types should only be used in code within a '#nullable' annotations context. [c:\Users\mathi\Documents\development\backend\DAL\DAL.csproj]
c:\Users\mathi\Documents\development\backend\DAL\Analytics\AnalyticsRepository.cs(156,119): warning CS8632: The annotation for nullable reference types should only be used in code within a '#nullable' annotations context. [c:\Users\mathi\Documents\development\backend\DAL\DAL.csproj]
c:\Users\mathi\Documents\development\backend\DAL\Ai\IAuditRepository.cs(10,15): warning CS8632: The annotation for nullable reference types should only be used in code within a '#nullable' annotations context. [c:\Users\mathi\Documents\development\backend\DAL\DAL.csproj]
c:\Users\mathi\Documents\development\backend\DAL\Ai\IAuditRepository.cs(11,15): warning CS8632: The annotation for nullable reference types should only be used in code within a '#nullable' annotations context. [c:\Users\mathi\Documents\development\backend\DAL\DAL.csproj]
c:\Users\mathi\Documents\development\backend\DAL\Ai\IAuditRepository.cs(12,15): warning CS8632: The annotation for nullable reference types should only be used in code within a '#nullable' annotations context. [c:\Users\mathi\Documents\development\backend\DAL\DAL.csproj]
c:\Users\mathi\Documents\development\backend\DAL\Ai\IAuditRepository.cs(13,15): warning CS8632: The annotation for nullable reference types should only be used in code within a '#nullable' annotations context. [c:\Users\mathi\Documents\development\backend\DAL\DAL.csproj]
c:\Users\mathi\Documents\development\backend\DAL\Ai\IAuditRepository.cs(14,15): warning CS8632: The annotation for nullable reference types should only be used in code within a '#nullable' annotations context. [c:\Users\mathi\Documents\development\backend\DAL\DAL.csproj]
c:\Users\mathi\Documents\development\backend\DAL\Ai\IAuditRepository.cs(15,15): warning CS8632: The annotation for nullable reference types should only be used in code within a '#nullable' annotations context. [c:\Users\mathi\Documents\development\backend\DAL\DAL.csproj]
c:\Users\mathi\Documents\development\backend\DAL\Analytics\AnalyticsRepository.cs(186,115): warning CS8632: The annotation for nullable reference types should only be used in code within a '#nullable' annotations context. [c:\Users\mathi\Documents\development\backend\DAL\DAL.csproj]
c:\Users\mathi\Documents\development\backend\DAL\Analytics\AnalyticsRepository.cs(231,126): warning CS8632: The annotation for nullable reference types should only be used in code within a '#nullable' annotations context. [c:\Users\mathi\Documents\development\backend\DAL\DAL.csproj]
c:\Users\mathi\Documents\development\backend\DAL\Analytics\AnalyticsRepository.cs(255,128): warning CS8632: The annotation for nullable reference types should only be used in code within a '#nullable' annotations context. [c:\Users\mathi\Documents\development\backend\DAL\DAL.csproj]
c:\Users\mathi\Documents\development\backend\DAL\Analytics\AnalyticsRepository.cs(276,132): warning CS8632: The annotation for nullable reference types should only be used in code within a '#nullable' annotations context. [c:\Users\mathi\Documents\development\backend\DAL\DAL.csproj]
c:\Users\mathi\Documents\development\backend\DAL\Analytics\AnalyticsRepository.cs(289,109): warning CS8632: The annotation for nullable reference types should only be used in code within a '#nullable' annotations context. [c:\Users\mathi\Documents\development\backend\DAL\DAL.csproj]
c:\Users\mathi\Documents\development\backend\DAL\Ai\ICostLimitRepository.cs(8,21): warning CS8632: The annotation for nullable reference types should only be used in code within a '#nullable' annotations context. [c:\Users\mathi\Documents\development\backend\DAL\DAL.csproj]
c:\Users\mathi\Documents\development\backend\DAL\Analytics\AnalyticsRepository.cs(392,136): warning CS8632: The annotation for nullable reference types should only be used in code within a '#nullable' annotations context. [c:\Users\mathi\Documents\development\backend\DAL\DAL.csproj]
c:\Users\mathi\Documents\development\backend\DAL\Analytics\AnalyticsRepository.cs(419,114): warning CS8632: The annotation for nullable reference types should only be used in code within a '#nullable' annotations context. [c:\Users\mathi\Documents\development\backend\DAL\DAL.csproj]
c:\Users\mathi\Documents\development\backend\DAL\Analytics\AnalyticsRepository.cs(452,122): warning CS8632: The annotation for nullable reference types should only be used in code within a '#nullable' annotations context. [c:\Users\mathi\Documents\development\backend\DAL\DAL.csproj]
c:\Users\mathi\Documents\development\backend\DAL\Analytics\AnalyticsRepository.cs(505,100): warning CS8632: The annotation for nullable reference types should only be used in code within a '#nullable' annotations context. [c:\Users\mathi\Documents\development\backend\DAL\DAL.csproj]
c:\Users\mathi\Documents\development\backend\DAL\Analytics\AnalyticsRepository.cs(527,104): warning CS8632: The annotation for nullable reference types should only be used in code within a '#nullable' annotations context. [c:\Users\mathi\Documents\development\backend\DAL\DAL.csproj]
c:\Users\mathi\Documents\development\backend\DAL\Analytics\AnalyticsRepository.cs(627,122): warning CS8632: The annotation for nullable reference types should only be used in code within a '#nullable' annotations context. [c:\Users\mathi\Documents\development\backend\DAL\DAL.csproj]
c:\Users\mathi\Documents\development\backend\DAL\Ai\IModelPricingRepository.cs(7,24): warning CS8632: The annotation for nullable reference types should only be used in code within a '#nullable' annotations context. [c:\Users\mathi\Documents\development\backend\DAL\DAL.csproj]
c:\Users\mathi\Documents\development\backend\DAL\Analytics\AnalyticsRepository.cs(762,96): warning CS8632: The annotation for nullable reference types should only be used in code within a '#nullable' annotations context. [c:\Users\mathi\Documents\development\backend\DAL\DAL.csproj]
c:\Users\mathi\Documents\development\backend\DAL\Analytics\AnalyticsRepository.cs(887,37): warning CS8632: The annotation for nullable reference types should only be used in code within a '#nullable' annotations context. [c:\Users\mathi\Documents\development\backend\DAL\DAL.csproj]
c:\Users\mathi\Documents\development\backend\DAL\Ai\ModelPricingRepository.cs(15,37): warning CS8632: The annotation for nullable reference types should only be used in code within a '#nullable' annotations context. [c:\Users\mathi\Documents\development\backend\DAL\DAL.csproj]
  DAL -> c:\Users\mathi\Documents\development\backend\DAL\bin\Debug\net10.0\Conversey.DAL.dll
c:\Users\mathi\Documents\development\backend\BL\Analytics\Dto\AnalyticsDtos.cs(54,18): warning CS8632: The annotation for nullable reference types should only be used in code within a '#nullable' annotations context. [c:\Users\mathi\Documents\development\backend\BL\BL.csproj]
c:\Users\mathi\Documents\development\backend\BL\Ai\Managers\AiManager.cs(38,86): warning CS8632: The annotation for nullable reference types should only be used in code within a '#nullable' annotations context. [c:\Users\mathi\Documents\development\backend\BL\BL.csproj]
c:\Users\mathi\Documents\development\backend\BL\Ai\Managers\AiManager.cs(38,114): warning CS8632: The annotation for nullable reference types should only be used in code within a '#nullable' annotations context. [c:\Users\mathi\Documents\development\backend\BL\BL.csproj]
c:\Users\mathi\Documents\development\backend\BL\Ai\Managers\CostLimitEnforcingAiManager.cs(44,48): warning CS8632: The annotation for nullable reference types should only be used in code within a '#nullable' annotations context. [c:\Users\mathi\Documents\development\backend\BL\BL.csproj]
c:\Users\mathi\Documents\development\backend\BL\Ai\Managers\CostLimitEnforcingAiManager.cs(44,69): warning CS8632: The annotation for nullable reference types should only be used in code within a '#nullable' annotations context. [c:\Users\mathi\Documents\development\backend\BL\BL.csproj]
c:\Users\mathi\Documents\development\backend\BL\Ai\Managers\AiManager.cs(85,97): warning CS8632: The annotation for nullable reference types should only be used in code within a '#nullable' annotations context. [c:\Users\mathi\Documents\development\backend\BL\BL.csproj]
c:\Users\mathi\Documents\development\backend\BL\Ai\Managers\AiManager.cs(85,125): warning CS8632: The annotation for nullable reference types should only be used in code within a '#nullable' annotations context. [c:\Users\mathi\Documents\development\backend\BL\BL.csproj]
c:\Users\mathi\Documents\development\backend\BL\Ai\Managers\CostLimitEnforcingAiManager.cs(61,114): warning CS8632: The annotation for nullable reference types should only be used in code within a '#nullable' annotations context. [c:\Users\mathi\Documents\development\backend\BL\BL.csproj]
c:\Users\mathi\Documents\development\backend\BL\Ai\Managers\CostLimitEnforcingAiManager.cs(61,142): warning CS8632: The annotation for nullable reference types should only be used in code within a '#nullable' annotations context. [c:\Users\mathi\Documents\development\backend\BL\BL.csproj]
c:\Users\mathi\Documents\development\backend\BL\Ai\Managers\AiManager.cs(110,89): warning CS8632: The annotation for nullable reference types should only be used in code within a '#nullable' annotations context. [c:\Users\mathi\Documents\development\backend\BL\BL.csproj]
c:\Users\mathi\Documents\development\backend\BL\Ai\Managers\AiManager.cs(110,117): warning CS8632: The annotation for nullable reference types should only be used in code within a '#nullable' annotations context. [c:\Users\mathi\Documents\development\backend\BL\BL.csproj]
c:\Users\mathi\Documents\development\backend\BL\Ai\Managers\CostLimitEnforcingAiManager.cs(68,86): warning CS8632: The annotation for nullable reference types should only be used in code within a '#nullable' annotations context. [c:\Users\mathi\Documents\development\backend\BL\BL.csproj]
c:\Users\mathi\Documents\development\backend\BL\Ai\Managers\CostLimitEnforcingAiManager.cs(68,114): warning CS8632: The annotation for nullable reference types should only be used in code within a '#nullable' annotations context. [c:\Users\mathi\Documents\development\backend\BL\BL.csproj]
c:\Users\mathi\Documents\development\backend\BL\Ai\Managers\CostLimitEnforcingAiManager.cs(75,105): warning CS8632: The annotation for nullable reference types should only be used in code within a '#nullable' annotations context. [c:\Users\mathi\Documents\development\backend\BL\BL.csproj]
c:\Users\mathi\Documents\development\backend\BL\Ai\Managers\CostLimitEnforcingAiManager.cs(75,133): warning CS8632: The annotation for nullable reference types should only be used in code within a '#nullable' annotations context. [c:\Users\mathi\Documents\development\backend\BL\BL.csproj]
c:\Users\mathi\Documents\development\backend\BL\Ai\Managers\AiManager.cs(143,114): warning CS8632: The annotation for nullable reference types should only be used in code within a '#nullable' annotations context. [c:\Users\mathi\Documents\development\backend\BL\BL.csproj]
c:\Users\mathi\Documents\development\backend\BL\Ai\Managers\AiManager.cs(143,142): warning CS8632: The annotation for nullable reference types should only be used in code within a '#nullable' annotations context. [c:\Users\mathi\Documents\development\backend\BL\BL.csproj]
c:\Users\mathi\Documents\development\backend\BL\Ai\Managers\AiManager.cs(171,105): warning CS8632: The annotation for nullable reference types should only be used in code within a '#nullable' annotations context. [c:\Users\mathi\Documents\development\backend\BL\BL.csproj]
c:\Users\mathi\Documents\development\backend\BL\Ai\Managers\AiManager.cs(171,133): warning CS8632: The annotation for nullable reference types should only be used in code within a '#nullable' annotations context. [c:\Users\mathi\Documents\development\backend\BL\BL.csproj]
c:\Users\mathi\Documents\development\backend\BL\Ai\Managers\CostLimitEnforcingAiManager.cs(82,165): warning CS8632: The annotation for nullable reference types should only be used in code within a '#nullable' annotations context. [c:\Users\mathi\Documents\development\backend\BL\BL.csproj]
c:\Users\mathi\Documents\development\backend\BL\Ai\Managers\CostLimitEnforcingAiManager.cs(82,193): warning CS8632: The annotation for nullable reference types should only be used in code within a '#nullable' annotations context. [c:\Users\mathi\Documents\development\backend\BL\BL.csproj]
c:\Users\mathi\Documents\development\backend\BL\Ai\Managers\AiManager.cs(207,165): warning CS8632: The annotation for nullable reference types should only be used in code within a '#nullable' annotations context. [c:\Users\mathi\Documents\development\backend\BL\BL.csproj]
c:\Users\mathi\Documents\development\backend\BL\Ai\Managers\AiManager.cs(207,193): warning CS8632: The annotation for nullable reference types should only be used in code within a '#nullable' annotations context. [c:\Users\mathi\Documents\development\backend\BL\BL.csproj]
c:\Users\mathi\Documents\development\backend\BL\Ai\Managers\CostLimitEnforcingAiManager.cs(89,196): warning CS8632: The annotation for nullable reference types should only be used in code within a '#nullable' annotations context. [c:\Users\mathi\Documents\development\backend\BL\BL.csproj]
c:\Users\mathi\Documents\development\backend\BL\Ai\Managers\CostLimitEnforcingAiManager.cs(89,224): warning CS8632: The annotation for nullable reference types should only be used in code within a '#nullable' annotations context. [c:\Users\mathi\Documents\development\backend\BL\BL.csproj]
c:\Users\mathi\Documents\development\backend\BL\Ai\Managers\AiManager.cs(251,15): warning CS8632: The annotation for nullable reference types should only be used in code within a '#nullable' annotations context. [c:\Users\mathi\Documents\development\backend\BL\BL.csproj]
c:\Users\mathi\Documents\development\backend\BL\Ai\Managers\AiManager.cs(252,15): warning CS8632: The annotation for nullable reference types should only be used in code within a '#nullable' annotations context. [c:\Users\mathi\Documents\development\backend\BL\BL.csproj]
c:\Users\mathi\Documents\development\backend\BL\Ai\Managers\CostLimitEnforcingAiManager.cs(112,15): warning CS8632: The annotation for nullable reference types should only be used in code within a '#nullable' annotations context. [c:\Users\mathi\Documents\development\backend\BL\BL.csproj]
c:\Users\mathi\Documents\development\backend\BL\Ai\Managers\CostLimitEnforcingAiManager.cs(112,43): warning CS8632: The annotation for nullable reference types should only be used in code within a '#nullable' annotations context. [c:\Users\mathi\Documents\development\backend\BL\BL.csproj]
c:\Users\mathi\Documents\development\backend\BL\Ai\Managers\CostLimitEnforcingAiManager.cs(112,69): warning CS8632: The annotation for nullable reference types should only be used in code within a '#nullable' annotations context. [c:\Users\mathi\Documents\development\backend\BL\BL.csproj]
c:\Users\mathi\Documents\development\backend\BL\Ai\Managers\AiManager.cs(400,15): warning CS8632: The annotation for nullable reference types should only be used in code within a '#nullable' annotations context. [c:\Users\mathi\Documents\development\backend\BL\BL.csproj]
c:\Users\mathi\Documents\development\backend\BL\Ai\Managers\AiManager.cs(401,15): warning CS8632: The annotation for nullable reference types should only be used in code within a '#nullable' annotations context. [c:\Users\mathi\Documents\development\backend\BL\BL.csproj]
c:\Users\mathi\Documents\development\backend\BL\Ai\Managers\AiManager.cs(402,15): warning CS8632: The annotation for nullable reference types should only be used in code within a '#nullable' annotations context. [c:\Users\mathi\Documents\development\backend\BL\BL.csproj]
c:\Users\mathi\Documents\development\backend\BL\Ai\Managers\IAiManager.cs(10,101): warning CS8632: The annotation for nullable reference types should only be used in code within a '#nullable' annotations context. [c:\Users\mathi\Documents\development\backend\BL\BL.csproj]
c:\Users\mathi\Documents\development\backend\BL\Ai\Managers\IAiManager.cs(10,129): warning CS8632: The annotation for nullable reference types should only be used in code within a '#nullable' annotations context. [c:\Users\mathi\Documents\development\backend\BL\BL.csproj]
c:\Users\mathi\Documents\development\backend\BL\Ai\Managers\IAiManager.cs(11,73): warning CS8632: The annotation for nullable reference types should only be used in code within a '#nullable' annotations context. [c:\Users\mathi\Documents\development\backend\BL\BL.csproj]
c:\Users\mathi\Documents\development\backend\BL\Ai\Managers\IAiManager.cs(11,101): warning CS8632: The annotation for nullable reference types should only be used in code within a '#nullable' annotations context. [c:\Users\mathi\Documents\development\backend\BL\BL.csproj]
c:\Users\mathi\Documents\development\backend\BL\Ai\Managers\IAiManager.cs(12,92): warning CS8632: The annotation for nullable reference types should only be used in code within a '#nullable' annotations context. [c:\Users\mathi\Documents\development\backend\BL\BL.csproj]
c:\Users\mathi\Documents\development\backend\BL\Ai\Managers\IAiManager.cs(12,120): warning CS8632: The annotation for nullable reference types should only be used in code within a '#nullable' annotations context. [c:\Users\mathi\Documents\development\backend\BL\BL.csproj]
c:\Users\mathi\Documents\development\backend\BL\Ai\Managers\IAiManager.cs(13,152): warning CS8632: The annotation for nullable reference types should only be used in code within a '#nullable' annotations context. [c:\Users\mathi\Documents\development\backend\BL\BL.csproj]
c:\Users\mathi\Documents\development\backend\BL\Ai\Managers\IAiManager.cs(13,180): warning CS8632: The annotation for nullable reference types should only be used in code within a '#nullable' annotations context. [c:\Users\mathi\Documents\development\backend\BL\BL.csproj]
c:\Users\mathi\Documents\development\backend\BL\Ai\Managers\IAiManager.cs(18,15): warning CS8632: The annotation for nullable reference types should only be used in code within a '#nullable' annotations context. [c:\Users\mathi\Documents\development\backend\BL\BL.csproj]
c:\Users\mathi\Documents\development\backend\BL\Ai\Managers\IAiManager.cs(19,15): warning CS8632: The annotation for nullable reference types should only be used in code within a '#nullable' annotations context. [c:\Users\mathi\Documents\development\backend\BL\BL.csproj]
c:\Users\mathi\Documents\development\backend\BL\Ai\Managers\IAiAdminManager.cs(13,15): warning CS8632: The annotation for nullable reference types should only be used in code within a '#nullable' annotations context. [c:\Users\mathi\Documents\development\backend\BL\BL.csproj]
c:\Users\mathi\Documents\development\backend\BL\Ai\Managers\IAiAdminManager.cs(14,15): warning CS8632: The annotation for nullable reference types should only be used in code within a '#nullable' annotations context. [c:\Users\mathi\Documents\development\backend\BL\BL.csproj]
c:\Users\mathi\Documents\development\backend\BL\Ai\Managers\IAiAdminManager.cs(15,15): warning CS8632: The annotation for nullable reference types should only be used in code within a '#nullable' annotations context. [c:\Users\mathi\Documents\development\backend\BL\BL.csproj]
c:\Users\mathi\Documents\development\backend\BL\Ai\Managers\IAiAdminManager.cs(16,15): warning CS8632: The annotation for nullable reference types should only be used in code within a '#nullable' annotations context. [c:\Users\mathi\Documents\development\backend\BL\BL.csproj]
c:\Users\mathi\Documents\development\backend\BL\Ai\Managers\IAiAdminManager.cs(17,15): warning CS8632: The annotation for nullable reference types should only be used in code within a '#nullable' annotations context. [c:\Users\mathi\Documents\development\backend\BL\BL.csproj]
c:\Users\mathi\Documents\development\backend\BL\Ai\Managers\IAiAdminManager.cs(18,15): warning CS8632: The annotation for nullable reference types should only be used in code within a '#nullable' annotations context. [c:\Users\mathi\Documents\development\backend\BL\BL.csproj]
c:\Users\mathi\Documents\development\backend\BL\Ai\Managers\IAiAdminManager.cs(21,77): warning CS8632: The annotation for nullable reference types should only be used in code within a '#nullable' annotations context. [c:\Users\mathi\Documents\development\backend\BL\BL.csproj]
c:\Users\mathi\Documents\development\backend\BL\Ai\Managers\IAiAdminManager.cs(21,105): warning CS8632: The annotation for nullable reference types should only be used in code within a '#nullable' annotations context. [c:\Users\mathi\Documents\development\backend\BL\BL.csproj]
c:\Users\mathi\Documents\development\backend\BL\Ai\Managers\IAiManager.cs(37,15): warning CS8632: The annotation for nullable reference types should only be used in code within a '#nullable' annotations context. [c:\Users\mathi\Documents\development\backend\BL\BL.csproj]
c:\Users\mathi\Documents\development\backend\BL\Ai\Managers\IAiManager.cs(38,15): warning CS8632: The annotation for nullable reference types should only be used in code within a '#nullable' annotations context. [c:\Users\mathi\Documents\development\backend\BL\BL.csproj]
c:\Users\mathi\Documents\development\backend\BL\Ai\Managers\IAiManager.cs(39,15): warning CS8632: The annotation for nullable reference types should only be used in code within a '#nullable' annotations context. [c:\Users\mathi\Documents\development\backend\BL\BL.csproj]
c:\Users\mathi\Documents\development\backend\BL\Ideation\IdeaManager.cs(526,90): warning CS8632: The annotation for nullable reference types should only be used in code within a '#nullable' annotations context. [c:\Users\mathi\Documents\development\backend\BL\BL.csproj]
c:\Users\mathi\Documents\development\backend\BL\Ideation\IdeaManager.cs(526,118): warning CS8632: The annotation for nullable reference types should only be used in code within a '#nullable' annotations context. [c:\Users\mathi\Documents\development\backend\BL\BL.csproj]
c:\Users\mathi\Documents\development\backend\BL\Ai\Managers\IAiAdminManager.cs(43,21): warning CS8632: The annotation for nullable reference types should only be used in code within a '#nullable' annotations context. [c:\Users\mathi\Documents\development\backend\BL\BL.csproj]
c:\Users\mathi\Documents\development\backend\BL\Ai\Managers\IAiAdminManager.cs(44,21): warning CS8632: The annotation for nullable reference types should only be used in code within a '#nullable' annotations context. [c:\Users\mathi\Documents\development\backend\BL\BL.csproj]
c:\Users\mathi\Documents\development\backend\BL\Ai\Managers\NoopAiManager.cs(28,108): warning CS8632: The annotation for nullable reference types should only be used in code within a '#nullable' annotations context. [c:\Users\mathi\Documents\development\backend\BL\BL.csproj]
c:\Users\mathi\Documents\development\backend\BL\Ai\Managers\NoopAiManager.cs(28,136): warning CS8632: The annotation for nullable reference types should only be used in code within a '#nullable' annotations context. [c:\Users\mathi\Documents\development\backend\BL\BL.csproj]
c:\Users\mathi\Documents\development\backend\BL\Ai\Managers\NoopAiManager.cs(33,80): warning CS8632: The annotation for nullable reference types should only be used in code within a '#nullable' annotations context. [c:\Users\mathi\Documents\development\backend\BL\BL.csproj]
c:\Users\mathi\Documents\development\backend\BL\Ai\Managers\NoopAiManager.cs(33,108): warning CS8632: The annotation for nullable reference types should only be used in code within a '#nullable' annotations context. [c:\Users\mathi\Documents\development\backend\BL\BL.csproj]
c:\Users\mathi\Documents\development\backend\BL\Ai\Managers\NoopAiManager.cs(46,99): warning CS8632: The annotation for nullable reference types should only be used in code within a '#nullable' annotations context. [c:\Users\mathi\Documents\development\backend\BL\BL.csproj]
c:\Users\mathi\Documents\development\backend\BL\Ai\Managers\NoopAiManager.cs(46,127): warning CS8632: The annotation for nullable reference types should only be used in code within a '#nullable' annotations context. [c:\Users\mathi\Documents\development\backend\BL\BL.csproj]
c:\Users\mathi\Documents\development\backend\BL\Ai\Managers\NoopAiManager.cs(67,159): warning CS8632: The annotation for nullable reference types should only be used in code within a '#nullable' annotations context. [c:\Users\mathi\Documents\development\backend\BL\BL.csproj]
c:\Users\mathi\Documents\development\backend\BL\Ai\Managers\NoopAiManager.cs(67,187): warning CS8632: The annotation for nullable reference types should only be used in code within a '#nullable' annotations context. [c:\Users\mathi\Documents\development\backend\BL\BL.csproj]
c:\Users\mathi\Documents\development\backend\BL\Ai\Managers\NoopAiManager.cs(83,190): warning CS8632: The annotation for nullable reference types should only be used in code within a '#nullable' annotations context. [c:\Users\mathi\Documents\development\backend\BL\BL.csproj]
c:\Users\mathi\Documents\development\backend\BL\Ai\Managers\NoopAiManager.cs(83,218): warning CS8632: The annotation for nullable reference types should only be used in code within a '#nullable' annotations context. [c:\Users\mathi\Documents\development\backend\BL\BL.csproj]
c:\Users\mathi\Documents\development\backend\BL\Ai\Managers\NoopAiManager.cs(176,15): warning CS8632: The annotation for nullable reference types should only be used in code within a '#nullable' annotations context. [c:\Users\mathi\Documents\development\backend\BL\BL.csproj]
c:\Users\mathi\Documents\development\backend\BL\Ai\Managers\NoopAiManager.cs(177,15): warning CS8632: The annotation for nullable reference types should only be used in code within a '#nullable' annotations context. [c:\Users\mathi\Documents\development\backend\BL\BL.csproj]
c:\Users\mathi\Documents\development\backend\BL\Ai\Managers\NoopAiManager.cs(178,15): warning CS8632: The annotation for nullable reference types should only be used in code within a '#nullable' annotations context. [c:\Users\mathi\Documents\development\backend\BL\BL.csproj]
c:\Users\mathi\Documents\development\backend\BL\Ai\services\AiPricingService.cs(128,38): warning CS8632: The annotation for nullable reference types should only be used in code within a '#nullable' annotations context. [c:\Users\mathi\Documents\development\backend\BL\BL.csproj]
c:\Users\mathi\Documents\development\backend\BL\Ai\Util\AiPromptDefaults.cs(295,90): warning CS8632: The annotation for nullable reference types should only be used in code within a '#nullable' annotations context. [c:\Users\mathi\Documents\development\backend\BL\BL.csproj]
c:\Users\mathi\Documents\development\backend\BL\Ai\Util\AiPromptDefaults.cs(314,118): warning CS8632: The annotation for nullable reference types should only be used in code within a '#nullable' annotations context. [c:\Users\mathi\Documents\development\backend\BL\BL.csproj]
c:\Users\mathi\Documents\development\backend\BL\Administration\AdminManager.cs(71,37): warning CS0168: The variable 'e' is declared but never used [c:\Users\mathi\Documents\development\backend\BL\BL.csproj]
c:\Users\mathi\Documents\development\backend\BL\Administration\AdminManager.cs(83,37): warning CS0168: The variable 'e' is declared but never used [c:\Users\mathi\Documents\development\backend\BL\BL.csproj]
  BL -> c:\Users\mathi\Documents\development\backend\BL\bin\Debug\net10.0\Conversey.BL.dll
c:\Users\mathi\Documents\development\backend\UI-MVC\Controllers\Admin\WorkspaceAdminController.cs(12,7): warning CS0105: The using directive for 'Conversey.BL.Survey' appeared previously in this namespace [c:\Users\mathi\Documents\development\backend\UI-MVC\UI-MVC.csproj]
c:\Users\mathi\Documents\development\backend\UI-MVC\Models\AdminExtensions.cs(69,28): warning CS8632: The annotation for nullable reference types should only be used in code within a '#nullable' annotations context. [c:\Users\mathi\Documents\development\backend\UI-MVC\UI-MVC.csproj]
c:\Users\mathi\Documents\development\backend\UI-MVC\Models\AdminExtensions.cs(83,28): warning CS8632: The annotation for nullable reference types should only be used in code within a '#nullable' annotations context. [c:\Users\mathi\Documents\development\backend\UI-MVC\UI-MVC.csproj]
c:\Users\mathi\Documents\development\backend\UI-MVC\Models\Admin\AdminProfileViewModel.cs(22,18): warning CS8632: The annotation for nullable reference types should only be used in code within a '#nullable' annotations context. [c:\Users\mathi\Documents\development\backend\UI-MVC\UI-MVC.csproj]
c:\Users\mathi\Documents\development\backend\UI-MVC\Models\Admin\AdminProfileViewModel.cs(25,18): warning CS8632: The annotation for nullable reference types should only be used in code within a '#nullable' annotations context. [c:\Users\mathi\Documents\development\backend\UI-MVC\UI-MVC.csproj]
c:\Users\mathi\Documents\development\backend\UI-MVC\Controllers\Admin\ContactsController.cs(26,50): warning CS8632: The annotation for nullable reference types should only be used in code within a '#nullable' annotations context. [c:\Users\mathi\Documents\development\backend\UI-MVC\UI-MVC.csproj]
c:\Users\mathi\Documents\development\backend\UI-MVC\Controllers\Admin\ContactsController.cs(26,81): warning CS8632: The annotation for nullable reference types should only be used in code within a '#nullable' annotations context. [c:\Users\mathi\Documents\development\backend\UI-MVC\UI-MVC.csproj]
c:\Users\mathi\Documents\development\backend\UI-MVC\Controllers\AiAdminController.cs(348,64): warning CS8632: The annotation for nullable reference types should only be used in code within a '#nullable' annotations context. [c:\Users\mathi\Documents\development\backend\UI-MVC\UI-MVC.csproj]
c:\Users\mathi\Documents\development\backend\UI-MVC\Controllers\Admin\ConverseyAnalyticsController.cs(26,27): warning CS8632: The annotation for nullable reference types should only be used in code within a '#nullable' annotations context. [c:\Users\mathi\Documents\development\backend\UI-MVC\UI-MVC.csproj]
c:\Users\mathi\Documents\development\backend\UI-MVC\Models\AiAdmin\AiCostsViewModel.cs(21,18): warning CS8632: The annotation for nullable reference types should only be used in code within a '#nullable' annotations context. [c:\Users\mathi\Documents\development\backend\UI-MVC\UI-MVC.csproj]
c:\Users\mathi\Documents\development\backend\UI-MVC\Models\AiAdmin\AiCostsViewModel.cs(22,18): warning CS8632: The annotation for nullable reference types should only be used in code within a '#nullable' annotations context. [c:\Users\mathi\Documents\development\backend\UI-MVC\UI-MVC.csproj]
c:\Users\mathi\Documents\development\backend\UI-MVC\Models\AiAdmin\AiCostsViewModel.cs(23,18): warning CS8632: The annotation for nullable reference types should only be used in code within a '#nullable' annotations context. [c:\Users\mathi\Documents\development\backend\UI-MVC\UI-MVC.csproj]
c:\Users\mathi\Documents\development\backend\UI-MVC\Models\AiAdmin\AiCostsViewModel.cs(24,18): warning CS8632: The annotation for nullable reference types should only be used in code within a '#nullable' annotations context. [c:\Users\mathi\Documents\development\backend\UI-MVC\UI-MVC.csproj]
c:\Users\mathi\Documents\development\backend\UI-MVC\Models\AiAdmin\AiCostsViewModel.cs(25,18): warning CS8632: The annotation for nullable reference types should only be used in code within a '#nullable' annotations context. [c:\Users\mathi\Documents\development\backend\UI-MVC\UI-MVC.csproj]
c:\Users\mathi\Documents\development\backend\UI-MVC\Models\AiAdmin\AiKeywordsViewModel.cs(12,18): warning CS8632: The annotation for nullable reference types should only be used in code within a '#nullable' annotations context. [c:\Users\mathi\Documents\development\backend\UI-MVC\UI-MVC.csproj]
c:\Users\mathi\Documents\development\backend\UI-MVC\Controllers\Admin\ModelStateHelper.cs(12,15): warning CS8632: The annotation for nullable reference types should only be used in code within a '#nullable' annotations context. [c:\Users\mathi\Documents\development\backend\UI-MVC\UI-MVC.csproj]
c:\Users\mathi\Documents\development\backend\UI-MVC\Controllers\Admin\ModelStateHelper.cs(38,45): warning CS8632: The annotation for nullable reference types should only be used in code within a '#nullable' annotations context. [c:\Users\mathi\Documents\development\backend\UI-MVC\UI-MVC.csproj]
c:\Users\mathi\Documents\development\backend\UI-MVC\Models\AiAdmin\AiProvidersViewModel.cs(32,18): warning CS8632: The annotation for nullable reference types should only be used in code within a '#nullable' annotations context. [c:\Users\mathi\Documents\development\backend\UI-MVC\UI-MVC.csproj]
c:\Users\mathi\Documents\development\backend\UI-MVC\Models\Admin\DashboardViewModel.cs(258,18): warning CS8632: The annotation for nullable reference types should only be used in code within a '#nullable' annotations context. [c:\Users\mathi\Documents\development\backend\UI-MVC\UI-MVC.csproj]
c:\Users\mathi\Documents\development\backend\UI-MVC\Models\Analytics\AnalyticsViewModels.cs(13,18): warning CS8632: The annotation for nullable reference types should only be used in code within a '#nullable' annotations context. [c:\Users\mathi\Documents\development\backend\UI-MVC\UI-MVC.csproj]
c:\Users\mathi\Documents\development\backend\UI-MVC\Controllers\Admin\WorkspaceAnalyticsController.cs(37,27): warning CS8632: The annotation for nullable reference types should only be used in code within a '#nullable' annotations context. [c:\Users\mathi\Documents\development\backend\UI-MVC\UI-MVC.csproj]
c:\Users\mathi\Documents\development\backend\UI-MVC\Controllers\Admin\WorkspaceAnalyticsController.cs(41,27): warning CS8632: The annotation for nullable reference types should only be used in code within a '#nullable' annotations context. [c:\Users\mathi\Documents\development\backend\UI-MVC\UI-MVC.csproj]
c:\Users\mathi\Documents\development\backend\UI-MVC\Controllers\Admin\WorkspaceAnalyticsController.cs(187,27): warning CS8632: The annotation for nullable reference types should only be used in code within a '#nullable' annotations context. [c:\Users\mathi\Documents\development\backend\UI-MVC\UI-MVC.csproj]
c:\Users\mathi\Documents\development\backend\UI-MVC\Controllers\Admin\WorkspaceAnalyticsController.cs(188,27): warning CS8632: The annotation for nullable reference types should only be used in code within a '#nullable' annotations context. [c:\Users\mathi\Documents\development\backend\UI-MVC\UI-MVC.csproj]
c:\Users\mathi\Documents\development\backend\UI-MVC\Controllers\Admin\WorkspaceAnalyticsController.cs(189,27): warning CS8632: The annotation for nullable reference types should only be used in code within a '#nullable' annotations context. [c:\Users\mathi\Documents\development\backend\UI-MVC\UI-MVC.csproj]
c:\Users\mathi\Documents\development\backend\UI-MVC\Controllers\Admin\WorkspaceAnalyticsController.cs(190,27): warning CS8632: The annotation for nullable reference types should only be used in code within a '#nullable' annotations context. [c:\Users\mathi\Documents\development\backend\UI-MVC\UI-MVC.csproj]
c:\Users\mathi\Documents\development\backend\UI-MVC\Controllers\Admin\WorkspaceAnalyticsController.cs(191,27): warning CS8632: The annotation for nullable reference types should only be used in code within a '#nullable' annotations context. [c:\Users\mathi\Documents\development\backend\UI-MVC\UI-MVC.csproj]
c:\Users\mathi\Documents\development\backend\UI-MVC\Models\Admin\DashboardViewModel.cs(392,18): warning CS8632: The annotation for nullable reference types should only be used in code within a '#nullable' annotations context. [c:\Users\mathi\Documents\development\backend\UI-MVC\UI-MVC.csproj]
c:\Users\mathi\Documents\development\backend\UI-MVC\Models\Analytics\AnalyticsViewModels.cs(42,19): warning CS8632: The annotation for nullable reference types should only be used in code within a '#nullable' annotations context. [c:\Users\mathi\Documents\development\backend\UI-MVC\UI-MVC.csproj]
c:\Users\mathi\Documents\development\backend\UI-MVC\Models\Admin\DashboardViewModel.cs(397,18): warning CS8632: The annotation for nullable reference types should only be used in code within a '#nullable' annotations context. [c:\Users\mathi\Documents\development\backend\UI-MVC\UI-MVC.csproj]
c:\Users\mathi\Documents\development\backend\UI-MVC\Controllers\Admin\WorkspaceAnalyticsController.cs(299,27): warning CS8632: The annotation for nullable reference types should only be used in code within a '#nullable' annotations context. [c:\Users\mathi\Documents\development\backend\UI-MVC\UI-MVC.csproj]
c:\Users\mathi\Documents\development\backend\UI-MVC\Controllers\Admin\WorkspaceAnalyticsController.cs(300,27): warning CS8632: The annotation for nullable reference types should only be used in code within a '#nullable' annotations context. [c:\Users\mathi\Documents\development\backend\UI-MVC\UI-MVC.csproj]
c:\Users\mathi\Documents\development\backend\UI-MVC\Controllers\Admin\WorkspaceAnalyticsController.cs(301,27): warning CS8632: The annotation for nullable reference types should only be used in code within a '#nullable' annotations context. [c:\Users\mathi\Documents\development\backend\UI-MVC\UI-MVC.csproj]
c:\Users\mathi\Documents\development\backend\UI-MVC\Controllers\Admin\WorkspaceAnalyticsController.cs(302,27): warning CS8632: The annotation for nullable reference types should only be used in code within a '#nullable' annotations context. [c:\Users\mathi\Documents\development\backend\UI-MVC\UI-MVC.csproj]
c:\Users\mathi\Documents\development\backend\UI-MVC\Controllers\Admin\WorkspaceAnalyticsController.cs(303,27): warning CS8632: The annotation for nullable reference types should only be used in code within a '#nullable' annotations context. [c:\Users\mathi\Documents\development\backend\UI-MVC\UI-MVC.csproj]
c:\Users\mathi\Documents\development\backend\UI-MVC\Controllers\Admin\WorkspaceAnalyticsController.cs(354,27): warning CS8632: The annotation for nullable reference types should only be used in code within a '#nullable' annotations context. [c:\Users\mathi\Documents\development\backend\UI-MVC\UI-MVC.csproj]
c:\Users\mathi\Documents\development\backend\UI-MVC\Controllers\Admin\WorkspaceAnalyticsController.cs(355,27): warning CS8632: The annotation for nullable reference types should only be used in code within a '#nullable' annotations context. [c:\Users\mathi\Documents\development\backend\UI-MVC\UI-MVC.csproj]
c:\Users\mathi\Documents\development\backend\UI-MVC\Models\Analytics\AnalyticsViewModels.cs(55,32): warning CS8632: The annotation for nullable reference types should only be used in code within a '#nullable' annotations context. [c:\Users\mathi\Documents\development\backend\UI-MVC\UI-MVC.csproj]
c:\Users\mathi\Documents\development\backend\UI-MVC\Controllers\Admin\WorkspaceAnalyticsController.cs(356,27): warning CS8632: The annotation for nullable reference types should only be used in code within a '#nullable' annotations context. [c:\Users\mathi\Documents\development\backend\UI-MVC\UI-MVC.csproj]
c:\Users\mathi\Documents\development\backend\UI-MVC\Models\Admin\DashboardViewModel.cs(459,18): warning CS8632: The annotation for nullable reference types should only be used in code within a '#nullable' annotations context. [c:\Users\mathi\Documents\development\backend\UI-MVC\UI-MVC.csproj]
c:\Users\mathi\Documents\development\backend\UI-MVC\Models\Admin\DashboardViewModel.cs(464,18): warning CS8632: The annotation for nullable reference types should only be used in code within a '#nullable' annotations context. [c:\Users\mathi\Documents\development\backend\UI-MVC\UI-MVC.csproj]
c:\Users\mathi\Documents\development\backend\UI-MVC\Models\Admin\DashboardViewModel.cs(469,18): warning CS8632: The annotation for nullable reference types should only be used in code within a '#nullable' annotations context. [c:\Users\mathi\Documents\development\backend\UI-MVC\UI-MVC.csproj]
c:\Users\mathi\Documents\development\backend\UI-MVC\Models\Analytics\AnalyticsViewModels.cs(69,18): warning CS8632: The annotation for nullable reference types should only be used in code within a '#nullable' annotations context. [c:\Users\mathi\Documents\development\backend\UI-MVC\UI-MVC.csproj]
c:\Users\mathi\Documents\development\backend\UI-MVC\Controllers\Api\AnalyticsApiController.cs(28,47): warning CS8632: The annotation for nullable reference types should only be used in code within a '#nullable' annotations context. [c:\Users\mathi\Documents\development\backend\UI-MVC\UI-MVC.csproj]
c:\Users\mathi\Documents\development\backend\UI-MVC\Models\Analytics\AnalyticsViewModels.cs(70,18): warning CS8632: The annotation for nullable reference types should only be used in code within a '#nullable' annotations context. [c:\Users\mathi\Documents\development\backend\UI-MVC\UI-MVC.csproj]
c:\Users\mathi\Documents\development\backend\UI-MVC\Models\Analytics\AnalyticsViewModels.cs(71,18): warning CS8632: The annotation for nullable reference types should only be used in code within a '#nullable' annotations context. [c:\Users\mathi\Documents\development\backend\UI-MVC\UI-MVC.csproj]
c:\Users\mathi\Documents\development\backend\UI-MVC\Models\Analytics\AnalyticsViewModels.cs(72,18): warning CS8632: The annotation for nullable reference types should only be used in code within a '#nullable' annotations context. [c:\Users\mathi\Documents\development\backend\UI-MVC\UI-MVC.csproj]
c:\Users\mathi\Documents\development\backend\UI-MVC\Models\Analytics\AnalyticsViewModels.cs(73,18): warning CS8632: The annotation for nullable reference types should only be used in code within a '#nullable' annotations context. [c:\Users\mathi\Documents\development\backend\UI-MVC\UI-MVC.csproj]
c:\Users\mathi\Documents\development\backend\UI-MVC\Models\Contacts\ContactsViewModel.cs(8,18): warning CS8632: The annotation for nullable reference types should only be used in code within a '#nullable' annotations context. [c:\Users\mathi\Documents\development\backend\UI-MVC\UI-MVC.csproj]
c:\Users\mathi\Documents\development\backend\UI-MVC\Models\Contacts\ContactsViewModel.cs(9,18): warning CS8632: The annotation for nullable reference types should only be used in code within a '#nullable' annotations context. [c:\Users\mathi\Documents\development\backend\UI-MVC\UI-MVC.csproj]
c:\Users\mathi\Documents\development\backend\UI-MVC\Controllers\Api\AnalyticsApiController.cs(34,27): warning CS8632: The annotation for nullable reference types should only be used in code within a '#nullable' annotations context. [c:\Users\mathi\Documents\development\backend\UI-MVC\UI-MVC.csproj]
c:\Users\mathi\Documents\development\backend\UI-MVC\Controllers\Api\AnalyticsApiController.cs(38,27): warning CS8632: The annotation for nullable reference types should only be used in code within a '#nullable' annotations context. [c:\Users\mathi\Documents\development\backend\UI-MVC\UI-MVC.csproj]
c:\Users\mathi\Documents\development\backend\UI-MVC\Models\Analytics\AnalyticsViewModels.cs(84,18): warning CS8632: The annotation for nullable reference types should only be used in code within a '#nullable' annotations context. [c:\Users\mathi\Documents\development\backend\UI-MVC\UI-MVC.csproj]
c:\Users\mathi\Documents\development\backend\UI-MVC\Models\Analytics\AnalyticsViewModels.cs(85,18): warning CS8632: The annotation for nullable reference types should only be used in code within a '#nullable' annotations context. [c:\Users\mathi\Documents\development\backend\UI-MVC\UI-MVC.csproj]
c:\Users\mathi\Documents\development\backend\UI-MVC\Models\Analytics\AnalyticsViewModels.cs(86,18): warning CS8632: The annotation for nullable reference types should only be used in code within a '#nullable' annotations context. [c:\Users\mathi\Documents\development\backend\UI-MVC\UI-MVC.csproj]
c:\Users\mathi\Documents\development\backend\UI-MVC\Models\Analytics\AnalyticsViewModels.cs(87,18): warning CS8632: The annotation for nullable reference types should only be used in code within a '#nullable' annotations context. [c:\Users\mathi\Documents\development\backend\UI-MVC\UI-MVC.csproj]
c:\Users\mathi\Documents\development\backend\UI-MVC\Models\Analytics\AnalyticsViewModels.cs(95,18): warning CS8632: The annotation for nullable reference types should only be used in code within a '#nullable' annotations context. [c:\Users\mathi\Documents\development\backend\UI-MVC\UI-MVC.csproj]
c:\Users\mathi\Documents\development\backend\UI-MVC\Controllers\Admin\WorkspaceAdminController.cs(61,70): warning CS8632: The annotation for nullable reference types should only be used in code within a '#nullable' annotations context. [c:\Users\mathi\Documents\development\backend\UI-MVC\UI-MVC.csproj]
c:\Users\mathi\Documents\development\backend\UI-MVC\Controllers\Api\AnalyticsApiController.cs(59,27): warning CS8632: The annotation for nullable reference types should only be used in code within a '#nullable' annotations context. [c:\Users\mathi\Documents\development\backend\UI-MVC\UI-MVC.csproj]
c:\Users\mathi\Documents\development\backend\UI-MVC\Controllers\Api\AnalyticsApiController.cs(63,27): warning CS8632: The annotation for nullable reference types should only be used in code within a '#nullable' annotations context. [c:\Users\mathi\Documents\development\backend\UI-MVC\UI-MVC.csproj]
c:\Users\mathi\Documents\development\backend\UI-MVC\Models\Analytics\AnalyticsViewModels.cs(104,33): warning CS8632: The annotation for nullable reference types should only be used in code within a '#nullable' annotations context. [c:\Users\mathi\Documents\development\backend\UI-MVC\UI-MVC.csproj]
c:\Users\mathi\Documents\development\backend\UI-MVC\Models\Analytics\AnalyticsViewModels.cs(105,32): warning CS8632: The annotation for nullable reference types should only be used in code within a '#nullable' annotations context. [c:\Users\mathi\Documents\development\backend\UI-MVC\UI-MVC.csproj]
c:\Users\mathi\Documents\development\backend\UI-MVC\Models\Analytics\AnalyticsViewModels.cs(106,38): warning CS8632: The annotation for nullable reference types should only be used in code within a '#nullable' annotations context. [c:\Users\mathi\Documents\development\backend\UI-MVC\UI-MVC.csproj]
c:\Users\mathi\Documents\development\backend\UI-MVC\Models\Analytics\AnalyticsViewModels.cs(107,32): warning CS8632: The annotation for nullable reference types should only be used in code within a '#nullable' annotations context. [c:\Users\mathi\Documents\development\backend\UI-MVC\UI-MVC.csproj]
c:\Users\mathi\Documents\development\backend\UI-MVC\Models\Analytics\AnalyticsViewModels.cs(108,18): warning CS8632: The annotation for nullable reference types should only be used in code within a '#nullable' annotations context. [c:\Users\mathi\Documents\development\backend\UI-MVC\UI-MVC.csproj]
c:\Users\mathi\Documents\development\backend\UI-MVC\Controllers\Admin\WorkspaceAdminController.cs(376,67): warning CS8632: The annotation for nullable reference types should only be used in code within a '#nullable' annotations context. [c:\Users\mathi\Documents\development\backend\UI-MVC\UI-MVC.csproj]
c:\Users\mathi\Documents\development\backend\UI-MVC\Controllers\Api\AnalyticsApiController.cs(84,27): warning CS8632: The annotation for nullable reference types should only be used in code within a '#nullable' annotations context. [c:\Users\mathi\Documents\development\backend\UI-MVC\UI-MVC.csproj]
c:\Users\mathi\Documents\development\backend\UI-MVC\Controllers\Admin\WorkspaceAdminController.cs(477,66): warning CS8632: The annotation for nullable reference types should only be used in code within a '#nullable' annotations context. [c:\Users\mathi\Documents\development\backend\UI-MVC\UI-MVC.csproj]
c:\Users\mathi\Documents\development\backend\UI-MVC\Models\Analytics\AnalyticsViewModels.cs(125,18): warning CS8632: The annotation for nullable reference types should only be used in code within a '#nullable' annotations context. [c:\Users\mathi\Documents\development\backend\UI-MVC\UI-MVC.csproj]
c:\Users\mathi\Documents\development\backend\UI-MVC\Controllers\Api\AnalyticsApiController.cs(105,27): warning CS8632: The annotation for nullable reference types should only be used in code within a '#nullable' annotations context. [c:\Users\mathi\Documents\development\backend\UI-MVC\UI-MVC.csproj]
c:\Users\mathi\Documents\development\backend\UI-MVC\Controllers\Api\AnalyticsApiController.cs(109,27): warning CS8632: The annotation for nullable reference types should only be used in code within a '#nullable' annotations context. [c:\Users\mathi\Documents\development\backend\UI-MVC\UI-MVC.csproj]
c:\Users\mathi\Documents\development\backend\UI-MVC\Models\Analytics\AnalyticsViewModels.cs(135,18): warning CS8632: The annotation for nullable reference types should only be used in code within a '#nullable' annotations context. [c:\Users\mathi\Documents\development\backend\UI-MVC\UI-MVC.csproj]
c:\Users\mathi\Documents\development\backend\UI-MVC\Models\Analytics\AnalyticsViewModels.cs(138,18): warning CS8632: The annotation for nullable reference types should only be used in code within a '#nullable' annotations context. [c:\Users\mathi\Documents\development\backend\UI-MVC\UI-MVC.csproj]
c:\Users\mathi\Documents\development\backend\UI-MVC\Controllers\Api\AnalyticsApiController.cs(130,27): warning CS8632: The annotation for nullable reference types should only be used in code within a '#nullable' annotations context. [c:\Users\mathi\Documents\development\backend\UI-MVC\UI-MVC.csproj]
c:\Users\mathi\Documents\development\backend\UI-MVC\Models\Analytics\AnalyticsViewModels.cs(146,18): warning CS8632: The annotation for nullable reference types should only be used in code within a '#nullable' annotations context. [c:\Users\mathi\Documents\development\backend\UI-MVC\UI-MVC.csproj]
c:\Users\mathi\Documents\development\backend\UI-MVC\Models\Analytics\AnalyticsViewModels.cs(147,18): warning CS8632: The annotation for nullable reference types should only be used in code within a '#nullable' annotations context. [c:\Users\mathi\Documents\development\backend\UI-MVC\UI-MVC.csproj]
c:\Users\mathi\Documents\development\backend\UI-MVC\Models\Analytics\AnalyticsViewModels.cs(148,18): warning CS8632: The annotation for nullable reference types should only be used in code within a '#nullable' annotations context. [c:\Users\mathi\Documents\development\backend\UI-MVC\UI-MVC.csproj]
c:\Users\mathi\Documents\development\backend\UI-MVC\Controllers\Api\AnalyticsApiController.cs(151,27): warning CS8632: The annotation for nullable reference types should only be used in code within a '#nullable' annotations context. [c:\Users\mathi\Documents\development\backend\UI-MVC\UI-MVC.csproj]
c:\Users\mathi\Documents\development\backend\UI-MVC\Controllers\Api\AnalyticsApiController.cs(172,27): warning CS8632: The annotation for nullable reference types should only be used in code within a '#nullable' annotations context. [c:\Users\mathi\Documents\development\backend\UI-MVC\UI-MVC.csproj]
c:\Users\mathi\Documents\development\backend\UI-MVC\Models\Analytics\AnalyticsViewModels.cs(158,18): warning CS8632: The annotation for nullable reference types should only be used in code within a '#nullable' annotations context. [c:\Users\mathi\Documents\development\backend\UI-MVC\UI-MVC.csproj]
c:\Users\mathi\Documents\development\backend\UI-MVC\Models\Analytics\AnalyticsViewModels.cs(159,18): warning CS8632: The annotation for nullable reference types should only be used in code within a '#nullable' annotations context. [c:\Users\mathi\Documents\development\backend\UI-MVC\UI-MVC.csproj]
c:\Users\mathi\Documents\development\backend\UI-MVC\Models\Analytics\AnalyticsViewModels.cs(160,18): warning CS8632: The annotation for nullable reference types should only be used in code within a '#nullable' annotations context. [c:\Users\mathi\Documents\development\backend\UI-MVC\UI-MVC.csproj]
c:\Users\mathi\Documents\development\backend\UI-MVC\Models\Analytics\AnalyticsViewModels.cs(163,18): warning CS8632: The annotation for nullable reference types should only be used in code within a '#nullable' annotations context. [c:\Users\mathi\Documents\development\backend\UI-MVC\UI-MVC.csproj]
c:\Users\mathi\Documents\development\backend\UI-MVC\Models\Analytics\AnalyticsViewModels.cs(165,18): warning CS8632: The annotation for nullable reference types should only be used in code within a '#nullable' annotations context. [c:\Users\mathi\Documents\development\backend\UI-MVC\UI-MVC.csproj]
c:\Users\mathi\Documents\development\backend\UI-MVC\Models\Analytics\AnalyticsViewModels.cs(166,18): warning CS8632: The annotation for nullable reference types should only be used in code within a '#nullable' annotations context. [c:\Users\mathi\Documents\development\backend\UI-MVC\UI-MVC.csproj]
c:\Users\mathi\Documents\development\backend\UI-MVC\Models\Dto\ProjectDto.cs(12,18): warning CS8632: The annotation for nullable reference types should only be used in code within a '#nullable' annotations context. [c:\Users\mathi\Documents\development\backend\UI-MVC\UI-MVC.csproj]
c:\Users\mathi\Documents\development\backend\UI-MVC\Controllers\Api\AnalyticsApiController.cs(193,27): warning CS8632: The annotation for nullable reference types should only be used in code within a '#nullable' annotations context. [c:\Users\mathi\Documents\development\backend\UI-MVC\UI-MVC.csproj]
c:\Users\mathi\Documents\development\backend\UI-MVC\Controllers\Api\AnalyticsApiController.cs(213,27): warning CS8632: The annotation for nullable reference types should only be used in code within a '#nullable' annotations context. [c:\Users\mathi\Documents\development\backend\UI-MVC\UI-MVC.csproj]
c:\Users\mathi\Documents\development\backend\UI-MVC\Controllers\Api\AnalyticsApiController.cs(214,39): warning CS8632: The annotation for nullable reference types should only be used in code within a '#nullable' annotations context. [c:\Users\mathi\Documents\development\backend\UI-MVC\UI-MVC.csproj]
c:\Users\mathi\Documents\development\backend\UI-MVC\Controllers\Api\AnalyticsApiController.cs(218,27): warning CS8632: The annotation for nullable reference types should only be used in code within a '#nullable' annotations context. [c:\Users\mathi\Documents\development\backend\UI-MVC\UI-MVC.csproj]
c:\Users\mathi\Documents\development\backend\UI-MVC\Controllers\Api\AnalyticsApiController.cs(250,27): warning CS8632: The annotation for nullable reference types should only be used in code within a '#nullable' annotations context. [c:\Users\mathi\Documents\development\backend\UI-MVC\UI-MVC.csproj]
c:\Users\mathi\Documents\development\backend\UI-MVC\Controllers\Api\AnalyticsApiController.cs(248,56): warning CS8632: The annotation for nullable reference types should only be used in code within a '#nullable' annotations context. [c:\Users\mathi\Documents\development\backend\UI-MVC\UI-MVC.csproj]
c:\Users\mathi\Documents\development\backend\UI-MVC\Models\WorkspaceAi\WorkspaceAiCostsViewModel.cs(23,18): warning CS8632: The annotation for nullable reference types should only be used in code within a '#nullable' annotations context. [c:\Users\mathi\Documents\development\backend\UI-MVC\UI-MVC.csproj]
c:\Users\mathi\Documents\development\backend\UI-MVC\Models\WorkspaceAi\WorkspaceAiCostsViewModel.cs(24,18): warning CS8632: The annotation for nullable reference types should only be used in code within a '#nullable' annotations context. [c:\Users\mathi\Documents\development\backend\UI-MVC\UI-MVC.csproj]
c:\Users\mathi\Documents\development\backend\UI-MVC\Models\WorkspaceAi\WorkspaceAiCostsViewModel.cs(25,18): warning CS8632: The annotation for nullable reference types should only be used in code within a '#nullable' annotations context. [c:\Users\mathi\Documents\development\backend\UI-MVC\UI-MVC.csproj]
c:\Users\mathi\Documents\development\backend\UI-MVC\Models\WorkspaceAi\WorkspaceAiCostsViewModel.cs(26,18): warning CS8632: The annotation for nullable reference types should only be used in code within a '#nullable' annotations context. [c:\Users\mathi\Documents\development\backend\UI-MVC\UI-MVC.csproj]
c:\Users\mathi\Documents\development\backend\UI-MVC\Models\WorkspaceAi\WorkspaceAiCostsViewModel.cs(27,18): warning CS8632: The annotation for nullable reference types should only be used in code within a '#nullable' annotations context. [c:\Users\mathi\Documents\development\backend\UI-MVC\UI-MVC.csproj]
c:\Users\mathi\Documents\development\backend\UI-MVC\Controllers\Api\AnalyticsApiController.cs(293,27): warning CS8632: The annotation for nullable reference types should only be used in code within a '#nullable' annotations context. [c:\Users\mathi\Documents\development\backend\UI-MVC\UI-MVC.csproj]
c:\Users\mathi\Documents\development\backend\UI-MVC\Controllers\Api\AnalyticsApiController.cs(298,27): warning CS8632: The annotation for nullable reference types should only be used in code within a '#nullable' annotations context. [c:\Users\mathi\Documents\development\backend\UI-MVC\UI-MVC.csproj]
c:\Users\mathi\Documents\development\backend\UI-MVC\Controllers\Api\AnalyticsApiController.cs(299,27): warning CS8632: The annotation for nullable reference types should only be used in code within a '#nullable' annotations context. [c:\Users\mathi\Documents\development\backend\UI-MVC\UI-MVC.csproj]
c:\Users\mathi\Documents\development\backend\UI-MVC\Controllers\Api\AnalyticsApiController.cs(300,27): warning CS8632: The annotation for nullable reference types should only be used in code within a '#nullable' annotations context. [c:\Users\mathi\Documents\development\backend\UI-MVC\UI-MVC.csproj]
c:\Users\mathi\Documents\development\backend\UI-MVC\Controllers\Api\AnalyticsApiController.cs(301,27): warning CS8632: The annotation for nullable reference types should only be used in code within a '#nullable' annotations context. [c:\Users\mathi\Documents\development\backend\UI-MVC\UI-MVC.csproj]
c:\Users\mathi\Documents\development\backend\UI-MVC\Controllers\Admin\WorkspaceAdminController.cs(471,29): warning CS8632: The annotation for nullable reference types should only be used in code within a '#nullable' annotations context. [c:\Users\mathi\Documents\development\backend\UI-MVC\UI-MVC.csproj]
c:\Users\mathi\Documents\development\backend\UI-MVC\Controllers\Api\AnalyticsApiController.cs(382,27): warning CS8632: The annotation for nullable reference types should only be used in code within a '#nullable' annotations context. [c:\Users\mathi\Documents\development\backend\UI-MVC\UI-MVC.csproj]
c:\Users\mathi\Documents\development\backend\UI-MVC\Controllers\Api\AnalyticsApiController.cs(383,27): warning CS8632: The annotation for nullable reference types should only be used in code within a '#nullable' annotations context. [c:\Users\mathi\Documents\development\backend\UI-MVC\UI-MVC.csproj]
c:\Users\mathi\Documents\development\backend\UI-MVC\Models\WorkspaceAi\WorkspaceAiDashboardViewModel.cs(11,23): warning CS8632: The annotation for nullable reference types should only be used in code within a '#nullable' annotations context. [c:\Users\mathi\Documents\development\backend\UI-MVC\UI-MVC.csproj]
c:\Users\mathi\Documents\development\backend\UI-MVC\Models\WorkspaceAi\WorkspaceAiDashboardViewModel.cs(24,23): warning CS8632: The annotation for nullable reference types should only be used in code within a '#nullable' annotations context. [c:\Users\mathi\Documents\development\backend\UI-MVC\UI-MVC.csproj]
c:\Users\mathi\Documents\development\backend\UI-MVC\Models\Dto\WorkspaceDto.cs(10,18): warning CS8632: The annotation for nullable reference types should only be used in code within a '#nullable' annotations context. [c:\Users\mathi\Documents\development\backend\UI-MVC\UI-MVC.csproj]
c:\Users\mathi\Documents\development\backend\UI-MVC\Middleware\WorkspaceMiddleware.cs(39,45): error CS1061: 'IWorkspaceRepository' does not contain a definition for 'ReadWorkspaceBySlug' and no accessible extension method 'ReadWorkspaceBySlug' accepting a first argument of type 'IWorkspaceRepository' could be found (are you missing a using directive or an assembly reference?) [c:\Users\mathi\Documents\development\backend\UI-MVC\UI-MVC.csproj]
c:\Users\mathi\Documents\development\backend\UI-MVC\Views\WorkspaceAdmin\Index.cshtml(8,56): warning CS8669: The annotation for nullable reference types should only be used in code within a '#nullable' annotations context. Auto-generated code requires an explicit '#nullable' directive in source. [c:\Users\mathi\Documents\development\backend\UI-MVC\UI-MVC.csproj]
c:\Users\mathi\Documents\development\backend\UI-MVC\Controllers\Admin\WorkspaceAnalyticsController.cs(48,16): warning CS8632: The annotation for nullable reference types should only be used in code within a '#nullable' annotations context. [c:\Users\mathi\Documents\development\backend\UI-MVC\UI-MVC.csproj]
c:\Users\mathi\Documents\development\backend\UI-MVC\Controllers\Admin\ConverseyAnalyticsController.cs(35,35): warning CS8632: The annotation for nullable reference types should only be used in code within a '#nullable' annotations context. [c:\Users\mathi\Documents\development\backend\UI-MVC\UI-MVC.csproj]
c:\Users\mathi\Documents\development\backend\UI-MVC\Controllers\Admin\ConverseyAnalyticsController.cs(36,29): warning CS8632: The annotation for nullable reference types should only be used in code within a '#nullable' annotations context. [c:\Users\mathi\Documents\development\backend\UI-MVC\UI-MVC.csproj]
c:\Users\mathi\Documents\development\backend\UI-MVC\Views\Admin\CreateWorkspaceAdmin.cshtml(7,56): warning CS8669: The annotation for nullable reference types should only be used in code within a '#nullable' annotations context. Auto-generated code requires an explicit '#nullable' directive in source. [c:\Users\mathi\Documents\development\backend\UI-MVC\UI-MVC.csproj]
c:\Users\mathi\Documents\development\backend\UI-MVC\Views\Admin\EditWorkspaceAdmin.cshtml(7,56): warning CS8669: The annotation for nullable reference types should only be used in code within a '#nullable' annotations context. Auto-generated code requires an explicit '#nullable' directive in source. [c:\Users\mathi\Documents\development\backend\UI-MVC\UI-MVC.csproj]
c:\Users\mathi\Documents\development\backend\UI-MVC\Controllers\Admin\WorkspaceAdminController.cs(381,31): warning CS8632: The annotation for nullable reference types should only be used in code within a '#nullable' annotations context. [c:\Users\mathi\Documents\development\backend\UI-MVC\UI-MVC.csproj]
c:\Users\mathi\Documents\development\backend\UI-MVC\Views\ConverseyAdmin\Ai\Index.cshtml(8,56): warning CS8669: The annotation for nullable reference types should only be used in code within a '#nullable' annotations context. Auto-generated code requires an explicit '#nullable' directive in source. [c:\Users\mathi\Documents\development\backend\UI-MVC\UI-MVC.csproj]
c:\Users\mathi\Documents\development\backend\UI-MVC\Views\Contacts\Index.cshtml(8,56): warning CS8669: The annotation for nullable reference types should only be used in code within a '#nullable' annotations context. Auto-generated code requires an explicit '#nullable' directive in source. [c:\Users\mathi\Documents\development\backend\UI-MVC\UI-MVC.csproj]
c:\Users\mathi\Documents\development\backend\UI-MVC\Controllers\Admin\WorkspaceAdminController.cs(431,53): warning CS8632: The annotation for nullable reference types should only be used in code within a '#nullable' annotations context. [c:\Users\mathi\Documents\development\backend\UI-MVC\UI-MVC.csproj]
c:\Users\mathi\Documents\development\backend\UI-MVC\Controllers\Admin\WorkspaceAdminController.cs(482,32): warning CS8632: The annotation for nullable reference types should only be used in code within a '#nullable' annotations context. [c:\Users\mathi\Documents\development\backend\UI-MVC\UI-MVC.csproj]
c:\Users\mathi\Documents\development\backend\UI-MVC\Views\ConverseyAdmin\Ai\Prompts\EditPrompt.cshtml(8,56): warning CS8669: The annotation for nullable reference types should only be used in code within a '#nullable' annotations context. Auto-generated code requires an explicit '#nullable' directive in source. [c:\Users\mathi\Documents\development\backend\UI-MVC\UI-MVC.csproj]
c:\Users\mathi\Documents\development\backend\UI-MVC\Views\ConverseyAdmin\Ai\Pricing\Pricing.cshtml(9,56): warning CS8669: The annotation for nullable reference types should only be used in code within a '#nullable' annotations context. Auto-generated code requires an explicit '#nullable' directive in source. [c:\Users\mathi\Documents\development\backend\UI-MVC\UI-MVC.csproj]
c:\Users\mathi\Documents\development\backend\UI-MVC\Views\AdminProfile\Index.cshtml(16,56): warning CS8669: The annotation for nullable reference types should only be used in code within a '#nullable' annotations context. Auto-generated code requires an explicit '#nullable' directive in source. [c:\Users\mathi\Documents\development\backend\UI-MVC\UI-MVC.csproj]
c:\Users\mathi\Documents\development\backend\UI-MVC\Views\ConverseyAdmin\Ai\Prompts\Prompts.cshtml(18,56): warning CS8669: The annotation for nullable reference types should only be used in code within a '#nullable' annotations context. Auto-generated code requires an explicit '#nullable' directive in source. [c:\Users\mathi\Documents\development\backend\UI-MVC\UI-MVC.csproj]
c:\Users\mathi\Documents\development\backend\UI-MVC\Controllers\AiAdminController.cs(238,15): warning CS8632: The annotation for nullable reference types should only be used in code within a '#nullable' annotations context. [c:\Users\mathi\Documents\development\backend\UI-MVC\UI-MVC.csproj]
c:\Users\mathi\Documents\development\backend\UI-MVC\Views\ConverseyAdmin\AdminManagement.cshtml(7,56): warning CS8669: The annotation for nullable reference types should only be used in code within a '#nullable' annotations context. Auto-generated code requires an explicit '#nullable' directive in source. [c:\Users\mathi\Documents\development\backend\UI-MVC\UI-MVC.csproj]
c:\Users\mathi\Documents\development\backend\UI-MVC\Controllers\AiAdminController.cs(294,15): warning CS8632: The annotation for nullable reference types should only be used in code within a '#nullable' annotations context. [c:\Users\mathi\Documents\development\backend\UI-MVC\UI-MVC.csproj]
c:\Users\mathi\Documents\development\backend\UI-MVC\Views\ConverseyAdmin\Ai\RateLimits\RateLimits.cshtml(9,56): warning CS8669: The annotation for nullable reference types should only be used in code within a '#nullable' annotations context. Auto-generated code requires an explicit '#nullable' directive in source. [c:\Users\mathi\Documents\development\backend\UI-MVC\UI-MVC.csproj]
c:\Users\mathi\Documents\development\backend\UI-MVC\Views\ConverseyAdmin\CreateWorkspace.cshtml(7,56): warning CS8669: The annotation for nullable reference types should only be used in code within a '#nullable' annotations context. Auto-generated code requires an explicit '#nullable' directive in source. [c:\Users\mathi\Documents\development\backend\UI-MVC\UI-MVC.csproj]
c:\Users\mathi\Documents\development\backend\UI-MVC\Views\ConverseyAdmin\EditWorkspace.cshtml(7,56): warning CS8669: The annotation for nullable reference types should only be used in code within a '#nullable' annotations context. Auto-generated code requires an explicit '#nullable' directive in source. [c:\Users\mathi\Documents\development\backend\UI-MVC\UI-MVC.csproj]
c:\Users\mathi\Documents\development\backend\UI-MVC\Views\ConverseyAdmin\Index.cshtml(5,56): warning CS8669: The annotation for nullable reference types should only be used in code within a '#nullable' annotations context. Auto-generated code requires an explicit '#nullable' directive in source. [c:\Users\mathi\Documents\development\backend\UI-MVC\UI-MVC.csproj]
c:\Users\mathi\Documents\development\backend\UI-MVC\Views\ConverseyAdmin\Ai\RateLimits\EditRateLimit.cshtml(8,56): warning CS8669: The annotation for nullable reference types should only be used in code within a '#nullable' annotations context. Auto-generated code requires an explicit '#nullable' directive in source. [c:\Users\mathi\Documents\development\backend\UI-MVC\UI-MVC.csproj]
c:\Users\mathi\Documents\development\backend\UI-MVC\Views\ConverseyAdmin\Workspaces.cshtml(11,56): warning CS8669: The annotation for nullable reference types should only be used in code within a '#nullable' annotations context. Auto-generated code requires an explicit '#nullable' directive in source. [c:\Users\mathi\Documents\development\backend\UI-MVC\UI-MVC.csproj]
c:\Users\mathi\Documents\development\backend\UI-MVC\Views\WorkspaceAdmin\Projects.cshtml(13,56): warning CS8669: The annotation for nullable reference types should only be used in code within a '#nullable' annotations context. Auto-generated code requires an explicit '#nullable' directive in source. [c:\Users\mathi\Documents\development\backend\UI-MVC\UI-MVC.csproj]
c:\Users\mathi\Documents\development\backend\UI-MVC\Views\ConverseyAdmin\WorkspaceDetails.cshtml(11,56): warning CS8669: The annotation for nullable reference types should only be used in code within a '#nullable' annotations context. Auto-generated code requires an explicit '#nullable' directive in source. [c:\Users\mathi\Documents\development\backend\UI-MVC\UI-MVC.csproj]
c:\Users\mathi\Documents\development\backend\UI-MVC\Views\ConverseyAdmin\WorkspaceDetails.cshtml(18,56): warning CS8669: The annotation for nullable reference types should only be used in code within a '#nullable' annotations context. Auto-generated code requires an explicit '#nullable' directive in source. [c:\Users\mathi\Documents\development\backend\UI-MVC\UI-MVC.csproj]
c:\Users\mathi\Documents\development\backend\UI-MVC\Views\ConverseyAdmin\Analytics\Index.cshtml(10,56): warning CS8669: The annotation for nullable reference types should only be used in code within a '#nullable' annotations context. Auto-generated code requires an explicit '#nullable' directive in source. [c:\Users\mathi\Documents\development\backend\UI-MVC\UI-MVC.csproj]
c:\Users\mathi\Documents\development\backend\UI-MVC\Views\WorkspaceAdmin\ProjectDetails.cshtml(16,56): warning CS8669: The annotation for nullable reference types should only be used in code within a '#nullable' annotations context. Auto-generated code requires an explicit '#nullable' directive in source. [c:\Users\mathi\Documents\development\backend\UI-MVC\UI-MVC.csproj]
c:\Users\mathi\Documents\development\backend\UI-MVC\Views\Shared\_AdminHeader.cshtml(24,90): warning CS8669: The annotation for nullable reference types should only be used in code within a '#nullable' annotations context. Auto-generated code requires an explicit '#nullable' directive in source. [c:\Users\mathi\Documents\development\backend\UI-MVC\UI-MVC.csproj]
c:\Users\mathi\Documents\development\backend\UI-MVC\Views\WorkspaceAdmin\EditProject.cshtml(11,56): warning CS8669: The annotation for nullable reference types should only be used in code within a '#nullable' annotations context. Auto-generated code requires an explicit '#nullable' directive in source. [c:\Users\mathi\Documents\development\backend\UI-MVC\UI-MVC.csproj]
c:\Users\mathi\Documents\development\backend\UI-MVC\Views\WorkspaceAdmin\CreateProject.cshtml(10,56): warning CS8669: The annotation for nullable reference types should only be used in code within a '#nullable' annotations context. Auto-generated code requires an explicit '#nullable' directive in source. [c:\Users\mathi\Documents\development\backend\UI-MVC\UI-MVC.csproj]
c:\Users\mathi\Documents\development\backend\UI-MVC\Views\WorkspaceAdmin\Analytics\Moderation.cshtml(10,56): warning CS8669: The annotation for nullable reference types should only be used in code within a '#nullable' annotations context. Auto-generated code requires an explicit '#nullable' directive in source. [c:\Users\mathi\Documents\development\backend\UI-MVC\UI-MVC.csproj]
c:\Users\mathi\Documents\development\backend\UI-MVC\Views\WorkspaceAdmin\Ai\Dashboard.cshtml(9,56): warning CS8669: The annotation for nullable reference types should only be used in code within a '#nullable' annotations context. Auto-generated code requires an explicit '#nullable' directive in source. [c:\Users\mathi\Documents\development\backend\UI-MVC\UI-MVC.csproj]
c:\Users\mathi\Documents\development\backend\UI-MVC\Views\WorkspaceAdmin\AdminManagement.cshtml(10,56): warning CS8669: The annotation for nullable reference types should only be used in code within a '#nullable' annotations context. Auto-generated code requires an explicit '#nullable' directive in source. [c:\Users\mathi\Documents\development\backend\UI-MVC\UI-MVC.csproj]
c:\Users\mathi\Documents\development\backend\UI-MVC\Views\WorkspaceAdmin\Ai\Prompts\Prompts.cshtml(19,56): warning CS8669: The annotation for nullable reference types should only be used in code within a '#nullable' annotations context. Auto-generated code requires an explicit '#nullable' directive in source. [c:\Users\mathi\Documents\development\backend\UI-MVC\UI-MVC.csproj]
c:\Users\mathi\Documents\development\backend\UI-MVC\Views\WorkspaceAdmin\Ai\Prompts\Prompts.cshtml(8,12): warning CS8321: The local function 'GetDescription' is declared but never used [c:\Users\mathi\Documents\development\backend\UI-MVC\UI-MVC.csproj]
c:\Users\mathi\Documents\development\backend\UI-MVC\Views\WorkspaceAdmin\Ai\Prompts\EditPrompt.cshtml(7,56): warning CS8669: The annotation for nullable reference types should only be used in code within a '#nullable' annotations context. Auto-generated code requires an explicit '#nullable' directive in source. [c:\Users\mathi\Documents\development\backend\UI-MVC\UI-MVC.csproj]
c:\Users\mathi\Documents\development\backend\UI-MVC\Views\WorkspaceAdmin\Ai\Limits\Limits.cshtml(10,56): warning CS8669: The annotation for nullable reference types should only be used in code within a '#nullable' annotations context. Auto-generated code requires an explicit '#nullable' directive in source. [c:\Users\mathi\Documents\development\backend\UI-MVC\UI-MVC.csproj]
c:\Users\mathi\Documents\development\backend\UI-MVC\Views\WorkspaceAdmin\Analytics\AnswersList.cshtml(10,56): warning CS8669: The annotation for nullable reference types should only be used in code within a '#nullable' annotations context. Auto-generated code requires an explicit '#nullable' directive in source. [c:\Users\mathi\Documents\development\backend\UI-MVC\UI-MVC.csproj]
c:\Users\mathi\Documents\development\backend\UI-MVC\Views\WorkspaceAdmin\Ai\Keywords\Keywords.cshtml(11,56): warning CS8669: The annotation for nullable reference types should only be used in code within a '#nullable' annotations context. Auto-generated code requires an explicit '#nullable' directive in source. [c:\Users\mathi\Documents\development\backend\UI-MVC\UI-MVC.csproj]
c:\Users\mathi\Documents\development\backend\UI-MVC\Views\WorkspaceAdmin\Ai\Costs\Costs.cshtml(11,56): warning CS8669: The annotation for nullable reference types should only be used in code within a '#nullable' annotations context. Auto-generated code requires an explicit '#nullable' directive in source. [c:\Users\mathi\Documents\development\backend\UI-MVC\UI-MVC.csproj]
c:\Users\mathi\Documents\development\backend\UI-MVC\Views\WorkspaceAdmin\Analytics\IdeasList.cshtml(10,56): warning CS8669: The annotation for nullable reference types should only be used in code within a '#nullable' annotations context. Auto-generated code requires an explicit '#nullable' directive in source. [c:\Users\mathi\Documents\development\backend\UI-MVC\UI-MVC.csproj]
c:\Users\mathi\Documents\development\backend\UI-MVC\Views\WorkspaceAdmin\Analytics\Index.cshtml(14,56): warning CS8669: The annotation for nullable reference types should only be used in code within a '#nullable' annotations context. Auto-generated code requires an explicit '#nullable' directive in source. [c:\Users\mathi\Documents\development\backend\UI-MVC\UI-MVC.csproj]

Build FAILED.

c:\Users\mathi\Documents\development\backend\UI-MVC\UI-MVC.csproj : warning NU1901: Package 'NuGet.Packaging' 6.12.1 has a known low severity vulnerability, https://github.com/advisories/GHSA-g4vj-cjjj-v7hg
c:\Users\mathi\Documents\development\backend\UI-MVC\UI-MVC.csproj : warning NU1901: Package 'NuGet.Protocol' 6.12.1 has a known low severity vulnerability, https://github.com/advisories/GHSA-g4vj-cjjj-v7hg
C:\Users\mathi\Documents\development\backend\UI-MVC\UI-MVC.csproj : warning NU1901: Package 'NuGet.Packaging' 6.12.1 has a known low severity vulnerability, https://github.com/advisories/GHSA-g4vj-cjjj-v7hg [c:\Users\mathi\Documents\development\backend\UI-MVC\UI-MVC.csproj]
C:\Users\mathi\Documents\development\backend\UI-MVC\UI-MVC.csproj : warning NU1901: Package 'NuGet.Protocol' 6.12.1 has a known low severity vulnerability, https://github.com/advisories/GHSA-g4vj-cjjj-v7hg [c:\Users\mathi\Documents\development\backend\UI-MVC\UI-MVC.csproj]
c:\Users\mathi\Documents\development\backend\Domain\Ideation\Idea.cs(20,18): warning CS8632: The annotation for nullable reference types should only be used in code within a '#nullable' annotations context. [c:\Users\mathi\Documents\development\backend\Domain\Domain.csproj]
c:\Users\mathi\Documents\development\backend\DAL\Ai\AuditRepository.cs(18,104): warning CS8632: The annotation for nullable reference types should only be used in code within a '#nullable' annotations context. [c:\Users\mathi\Documents\development\backend\DAL\DAL.csproj]
c:\Users\mathi\Documents\development\backend\DAL\Ai\AuditRepository.cs(18,132): warning CS8632: The annotation for nullable reference types should only be used in code within a '#nullable' annotations context. [c:\Users\mathi\Documents\development\backend\DAL\DAL.csproj]
c:\Users\mathi\Documents\development\backend\DAL\Ai\AuditRepository.cs(46,15): warning CS8632: The annotation for nullable reference types should only be used in code within a '#nullable' annotations context. [c:\Users\mathi\Documents\development\backend\DAL\DAL.csproj]
c:\Users\mathi\Documents\development\backend\DAL\Ai\AuditRepository.cs(47,15): warning CS8632: The annotation for nullable reference types should only be used in code within a '#nullable' annotations context. [c:\Users\mathi\Documents\development\backend\DAL\DAL.csproj]
c:\Users\mathi\Documents\development\backend\DAL\Ai\AuditRepository.cs(48,15): warning CS8632: The annotation for nullable reference types should only be used in code within a '#nullable' annotations context. [c:\Users\mathi\Documents\development\backend\DAL\DAL.csproj]
c:\Users\mathi\Documents\development\backend\DAL\Ai\AuditRepository.cs(49,15): warning CS8632: The annotation for nullable reference types should only be used in code within a '#nullable' annotations context. [c:\Users\mathi\Documents\development\backend\DAL\DAL.csproj]
c:\Users\mathi\Documents\development\backend\DAL\Ai\AuditRepository.cs(50,15): warning CS8632: The annotation for nullable reference types should only be used in code within a '#nullable' annotations context. [c:\Users\mathi\Documents\development\backend\DAL\DAL.csproj]
c:\Users\mathi\Documents\development\backend\DAL\Ai\AuditRepository.cs(51,15): warning CS8632: The annotation for nullable reference types should only be used in code within a '#nullable' annotations context. [c:\Users\mathi\Documents\development\backend\DAL\DAL.csproj]
c:\Users\mathi\Documents\development\backend\DAL\Ai\IAuditRepository.cs(7,205): warning CS8632: The annotation for nullable reference types should only be used in code within a '#nullable' annotations context. [c:\Users\mathi\Documents\development\backend\DAL\DAL.csproj]
c:\Users\mathi\Documents\development\backend\DAL\Ai\IAuditRepository.cs(7,233): warning CS8632: The annotation for nullable reference types should only be used in code within a '#nullable' annotations context. [c:\Users\mathi\Documents\development\backend\DAL\DAL.csproj]
c:\Users\mathi\Documents\development\backend\DAL\Ai\CostLimitRepository.cs(16,34): warning CS8632: The annotation for nullable reference types should only be used in code within a '#nullable' annotations context. [c:\Users\mathi\Documents\development\backend\DAL\DAL.csproj]
c:\Users\mathi\Documents\development\backend\DAL\Ai\CostLimitRepository.cs(23,34): warning CS8632: The annotation for nullable reference types should only be used in code within a '#nullable' annotations context. [c:\Users\mathi\Documents\development\backend\DAL\DAL.csproj]
c:\Users\mathi\Documents\development\backend\DAL\Analytics\AnalyticsRepository.cs(38,131): warning CS8632: The annotation for nullable reference types should only be used in code within a '#nullable' annotations context. [c:\Users\mathi\Documents\development\backend\DAL\DAL.csproj]
c:\Users\mathi\Documents\development\backend\DAL\Ai\ICostLimitRepository.cs(7,21): warning CS8632: The annotation for nullable reference types should only be used in code within a '#nullable' annotations context. [c:\Users\mathi\Documents\development\backend\DAL\DAL.csproj]
c:\Users\mathi\Documents\development\backend\DAL\Analytics\AnalyticsRepository.cs(109,121): warning CS8632: The annotation for nullable reference types should only be used in code within a '#nullable' annotations context. [c:\Users\mathi\Documents\development\backend\DAL\DAL.csproj]
c:\Users\mathi\Documents\development\backend\DAL\Analytics\AnalyticsRepository.cs(156,119): warning CS8632: The annotation for nullable reference types should only be used in code within a '#nullable' annotations context. [c:\Users\mathi\Documents\development\backend\DAL\DAL.csproj]
c:\Users\mathi\Documents\development\backend\DAL\Ai\IAuditRepository.cs(10,15): warning CS8632: The annotation for nullable reference types should only be used in code within a '#nullable' annotations context. [c:\Users\mathi\Documents\development\backend\DAL\DAL.csproj]
c:\Users\mathi\Documents\development\backend\DAL\Ai\IAuditRepository.cs(11,15): warning CS8632: The annotation for nullable reference types should only be used in code within a '#nullable' annotations context. [c:\Users\mathi\Documents\development\backend\DAL\DAL.csproj]
c:\Users\mathi\Documents\development\backend\DAL\Ai\IAuditRepository.cs(12,15): warning CS8632: The annotation for nullable reference types should only be used in code within a '#nullable' annotations context. [c:\Users\mathi\Documents\development\backend\DAL\DAL.csproj]
c:\Users\mathi\Documents\development\backend\DAL\Ai\IAuditRepository.cs(13,15): warning CS8632: The annotation for nullable reference types should only be used in code within a '#nullable' annotations context. [c:\Users\mathi\Documents\development\backend\DAL\DAL.csproj]
c:\Users\mathi\Documents\development\backend\DAL\Ai\IAuditRepository.cs(14,15): warning CS8632: The annotation for nullable reference types should only be used in code within a '#nullable' annotations context. [c:\Users\mathi\Documents\development\backend\DAL\DAL.csproj]
c:\Users\mathi\Documents\development\backend\DAL\Ai\IAuditRepository.cs(15,15): warning CS8632: The annotation for nullable reference types should only be used in code within a '#nullable' annotations context. [c:\Users\mathi\Documents\development\backend\DAL\DAL.csproj]
c:\Users\mathi\Documents\development\backend\DAL\Analytics\AnalyticsRepository.cs(186,115): warning CS8632: The annotation for nullable reference types should only be used in code within a '#nullable' annotations context. [c:\Users\mathi\Documents\development\backend\DAL\DAL.csproj]
c:\Users\mathi\Documents\development\backend\DAL\Analytics\AnalyticsRepository.cs(231,126): warning CS8632: The annotation for nullable reference types should only be used in code within a '#nullable' annotations context. [c:\Users\mathi\Documents\development\backend\DAL\DAL.csproj]
c:\Users\mathi\Documents\development\backend\DAL\Analytics\AnalyticsRepository.cs(255,128): warning CS8632: The annotation for nullable reference types should only be used in code within a '#nullable' annotations context. [c:\Users\mathi\Documents\development\backend\DAL\DAL.csproj]
c:\Users\mathi\Documents\development\backend\DAL\Analytics\AnalyticsRepository.cs(276,132): warning CS8632: The annotation for nullable reference types should only be used in code within a '#nullable' annotations context. [c:\Users\mathi\Documents\development\backend\DAL\DAL.csproj]
c:\Users\mathi\Documents\development\backend\DAL\Analytics\AnalyticsRepository.cs(289,109): warning CS8632: The annotation for nullable reference types should only be used in code within a '#nullable' annotations context. [c:\Users\mathi\Documents\development\backend\DAL\DAL.csproj]
c:\Users\mathi\Documents\development\backend\DAL\Ai\ICostLimitRepository.cs(8,21): warning CS8632: The annotation for nullable reference types should only be used in code within a '#nullable' annotations context. [c:\Users\mathi\Documents\development\backend\DAL\DAL.csproj]
c:\Users\mathi\Documents\development\backend\DAL\Analytics\AnalyticsRepository.cs(392,136): warning CS8632: The annotation for nullable reference types should only be used in code within a '#nullable' annotations context. [c:\Users\mathi\Documents\development\backend\DAL\DAL.csproj]
c:\Users\mathi\Documents\development\backend\DAL\Analytics\AnalyticsRepository.cs(419,114): warning CS8632: The annotation for nullable reference types should only be used in code within a '#nullable' annotations context. [c:\Users\mathi\Documents\development\backend\DAL\DAL.csproj]
c:\Users\mathi\Documents\development\backend\DAL\Analytics\AnalyticsRepository.cs(452,122): warning CS8632: The annotation for nullable reference types should only be used in code within a '#nullable' annotations context. [c:\Users\mathi\Documents\development\backend\DAL\DAL.csproj]
c:\Users\mathi\Documents\development\backend\DAL\Analytics\AnalyticsRepository.cs(505,100): warning CS8632: The annotation for nullable reference types should only be used in code within a '#nullable' annotations context. [c:\Users\mathi\Documents\development\backend\DAL\DAL.csproj]
c:\Users\mathi\Documents\development\backend\DAL\Analytics\AnalyticsRepository.cs(527,104): warning CS8632: The annotation for nullable reference types should only be used in code within a '#nullable' annotations context. [c:\Users\mathi\Documents\development\backend\DAL\DAL.csproj]
c:\Users\mathi\Documents\development\backend\DAL\Analytics\AnalyticsRepository.cs(627,122): warning CS8632: The annotation for nullable reference types should only be used in code within a '#nullable' annotations context. [c:\Users\mathi\Documents\development\backend\DAL\DAL.csproj]
c:\Users\mathi\Documents\development\backend\DAL\Ai\IModelPricingRepository.cs(7,24): warning CS8632: The annotation for nullable reference types should only be used in code within a '#nullable' annotations context. [c:\Users\mathi\Documents\development\backend\DAL\DAL.csproj]
c:\Users\mathi\Documents\development\backend\DAL\Analytics\AnalyticsRepository.cs(762,96): warning CS8632: The annotation for nullable reference types should only be used in code within a '#nullable' annotations context. [c:\Users\mathi\Documents\development\backend\DAL\DAL.csproj]
c:\Users\mathi\Documents\development\backend\DAL\Analytics\AnalyticsRepository.cs(887,37): warning CS8632: The annotation for nullable reference types should only be used in code within a '#nullable' annotations context. [c:\Users\mathi\Documents\development\backend\DAL\DAL.csproj]
c:\Users\mathi\Documents\development\backend\DAL\Ai\ModelPricingRepository.cs(15,37): warning CS8632: The annotation for nullable reference types should only be used in code within a '#nullable' annotations context. [c:\Users\mathi\Documents\development\backend\DAL\DAL.csproj]
c:\Users\mathi\Documents\development\backend\BL\Analytics\Dto\AnalyticsDtos.cs(54,18): warning CS8632: The annotation for nullable reference types should only be used in code within a '#nullable' annotations context. [c:\Users\mathi\Documents\development\backend\BL\BL.csproj]
c:\Users\mathi\Documents\development\backend\BL\Ai\Managers\AiManager.cs(38,86): warning CS8632: The annotation for nullable reference types should only be used in code within a '#nullable' annotations context. [c:\Users\mathi\Documents\development\backend\BL\BL.csproj]
c:\Users\mathi\Documents\development\backend\BL\Ai\Managers\AiManager.cs(38,114): warning CS8632: The annotation for nullable reference types should only be used in code within a '#nullable' annotations context. [c:\Users\mathi\Documents\development\backend\BL\BL.csproj]
c:\Users\mathi\Documents\development\backend\BL\Ai\Managers\CostLimitEnforcingAiManager.cs(44,48): warning CS8632: The annotation for nullable reference types should only be used in code within a '#nullable' annotations context. [c:\Users\mathi\Documents\development\backend\BL\BL.csproj]
c:\Users\mathi\Documents\development\backend\BL\Ai\Managers\CostLimitEnforcingAiManager.cs(44,69): warning CS8632: The annotation for nullable reference types should only be used in code within a '#nullable' annotations context. [c:\Users\mathi\Documents\development\backend\BL\BL.csproj]
c:\Users\mathi\Documents\development\backend\BL\Ai\Managers\AiManager.cs(85,97): warning CS8632: The annotation for nullable reference types should only be used in code within a '#nullable' annotations context. [c:\Users\mathi\Documents\development\backend\BL\BL.csproj]
c:\Users\mathi\Documents\development\backend\BL\Ai\Managers\AiManager.cs(85,125): warning CS8632: The annotation for nullable reference types should only be used in code within a '#nullable' annotations context. [c:\Users\mathi\Documents\development\backend\BL\BL.csproj]
c:\Users\mathi\Documents\development\backend\BL\Ai\Managers\CostLimitEnforcingAiManager.cs(61,114): warning CS8632: The annotation for nullable reference types should only be used in code within a '#nullable' annotations context. [c:\Users\mathi\Documents\development\backend\BL\BL.csproj]
c:\Users\mathi\Documents\development\backend\BL\Ai\Managers\CostLimitEnforcingAiManager.cs(61,142): warning CS8632: The annotation for nullable reference types should only be used in code within a '#nullable' annotations context. [c:\Users\mathi\Documents\development\backend\BL\BL.csproj]
c:\Users\mathi\Documents\development\backend\BL\Ai\Managers\AiManager.cs(110,89): warning CS8632: The annotation for nullable reference types should only be used in code within a '#nullable' annotations context. [c:\Users\mathi\Documents\development\backend\BL\BL.csproj]
c:\Users\mathi\Documents\development\backend\BL\Ai\Managers\AiManager.cs(110,117): warning CS8632: The annotation for nullable reference types should only be used in code within a '#nullable' annotations context. [c:\Users\mathi\Documents\development\backend\BL\BL.csproj]
c:\Users\mathi\Documents\development\backend\BL\Ai\Managers\CostLimitEnforcingAiManager.cs(68,86): warning CS8632: The annotation for nullable reference types should only be used in code within a '#nullable' annotations context. [c:\Users\mathi\Documents\development\backend\BL\BL.csproj]
c:\Users\mathi\Documents\development\backend\BL\Ai\Managers\CostLimitEnforcingAiManager.cs(68,114): warning CS8632: The annotation for nullable reference types should only be used in code within a '#nullable' annotations context. [c:\Users\mathi\Documents\development\backend\BL\BL.csproj]
c:\Users\mathi\Documents\development\backend\BL\Ai\Managers\CostLimitEnforcingAiManager.cs(75,105): warning CS8632: The annotation for nullable reference types should only be used in code within a '#nullable' annotations context. [c:\Users\mathi\Documents\development\backend\BL\BL.csproj]
c:\Users\mathi\Documents\development\backend\BL\Ai\Managers\CostLimitEnforcingAiManager.cs(75,133): warning CS8632: The annotation for nullable reference types should only be used in code within a '#nullable' annotations context. [c:\Users\mathi\Documents\development\backend\BL\BL.csproj]
c:\Users\mathi\Documents\development\backend\BL\Ai\Managers\AiManager.cs(143,114): warning CS8632: The annotation for nullable reference types should only be used in code within a '#nullable' annotations context. [c:\Users\mathi\Documents\development\backend\BL\BL.csproj]
c:\Users\mathi\Documents\development\backend\BL\Ai\Managers\AiManager.cs(143,142): warning CS8632: The annotation for nullable reference types should only be used in code within a '#nullable' annotations context. [c:\Users\mathi\Documents\development\backend\BL\BL.csproj]
c:\Users\mathi\Documents\development\backend\BL\Ai\Managers\AiManager.cs(171,105): warning CS8632: The annotation for nullable reference types should only be used in code within a '#nullable' annotations context. [c:\Users\mathi\Documents\development\backend\BL\BL.csproj]
c:\Users\mathi\Documents\development\backend\BL\Ai\Managers\AiManager.cs(171,133): warning CS8632: The annotation for nullable reference types should only be used in code within a '#nullable' annotations context. [c:\Users\mathi\Documents\development\backend\BL\BL.csproj]
c:\Users\mathi\Documents\development\backend\BL\Ai\Managers\CostLimitEnforcingAiManager.cs(82,165): warning CS8632: The annotation for nullable reference types should only be used in code within a '#nullable' annotations context. [c:\Users\mathi\Documents\development\backend\BL\BL.csproj]
c:\Users\mathi\Documents\development\backend\BL\Ai\Managers\CostLimitEnforcingAiManager.cs(82,193): warning CS8632: The annotation for nullable reference types should only be used in code within a '#nullable' annotations context. [c:\Users\mathi\Documents\development\backend\BL\BL.csproj]
c:\Users\mathi\Documents\development\backend\BL\Ai\Managers\AiManager.cs(207,165): warning CS8632: The annotation for nullable reference types should only be used in code within a '#nullable' annotations context. [c:\Users\mathi\Documents\development\backend\BL\BL.csproj]
c:\Users\mathi\Documents\development\backend\BL\Ai\Managers\AiManager.cs(207,193): warning CS8632: The annotation for nullable reference types should only be used in code within a '#nullable' annotations context. [c:\Users\mathi\Documents\development\backend\BL\BL.csproj]
c:\Users\mathi\Documents\development\backend\BL\Ai\Managers\CostLimitEnforcingAiManager.cs(89,196): warning CS8632: The annotation for nullable reference types should only be used in code within a '#nullable' annotations context. [c:\Users\mathi\Documents\development\backend\BL\BL.csproj]
c:\Users\mathi\Documents\development\backend\BL\Ai\Managers\CostLimitEnforcingAiManager.cs(89,224): warning CS8632: The annotation for nullable reference types should only be used in code within a '#nullable' annotations context. [c:\Users\mathi\Documents\development\backend\BL\BL.csproj]
c:\Users\mathi\Documents\development\backend\BL\Ai\Managers\AiManager.cs(251,15): warning CS8632: The annotation for nullable reference types should only be used in code within a '#nullable' annotations context. [c:\Users\mathi\Documents\development\backend\BL\BL.csproj]
c:\Users\mathi\Documents\development\backend\BL\Ai\Managers\AiManager.cs(252,15): warning CS8632: The annotation for nullable reference types should only be used in code within a '#nullable' annotations context. [c:\Users\mathi\Documents\development\backend\BL\BL.csproj]
c:\Users\mathi\Documents\development\backend\BL\Ai\Managers\CostLimitEnforcingAiManager.cs(112,15): warning CS8632: The annotation for nullable reference types should only be used in code within a '#nullable' annotations context. [c:\Users\mathi\Documents\development\backend\BL\BL.csproj]
c:\Users\mathi\Documents\development\backend\BL\Ai\Managers\CostLimitEnforcingAiManager.cs(112,43): warning CS8632: The annotation for nullable reference types should only be used in code within a '#nullable' annotations context. [c:\Users\mathi\Documents\development\backend\BL\BL.csproj]
c:\Users\mathi\Documents\development\backend\BL\Ai\Managers\CostLimitEnforcingAiManager.cs(112,69): warning CS8632: The annotation for nullable reference types should only be used in code within a '#nullable' annotations context. [c:\Users\mathi\Documents\development\backend\BL\BL.csproj]
c:\Users\mathi\Documents\development\backend\BL\Ai\Managers\AiManager.cs(400,15): warning CS8632: The annotation for nullable reference types should only be used in code within a '#nullable' annotations context. [c:\Users\mathi\Documents\development\backend\BL\BL.csproj]
c:\Users\mathi\Documents\development\backend\BL\Ai\Managers\AiManager.cs(401,15): warning CS8632: The annotation for nullable reference types should only be used in code within a '#nullable' annotations context. [c:\Users\mathi\Documents\development\backend\BL\BL.csproj]
c:\Users\mathi\Documents\development\backend\BL\Ai\Managers\AiManager.cs(402,15): warning CS8632: The annotation for nullable reference types should only be used in code within a '#nullable' annotations context. [c:\Users\mathi\Documents\development\backend\BL\BL.csproj]
c:\Users\mathi\Documents\development\backend\BL\Ai\Managers\IAiManager.cs(10,101): warning CS8632: The annotation for nullable reference types should only be used in code within a '#nullable' annotations context. [c:\Users\mathi\Documents\development\backend\BL\BL.csproj]
c:\Users\mathi\Documents\development\backend\BL\Ai\Managers\IAiManager.cs(10,129): warning CS8632: The annotation for nullable reference types should only be used in code within a '#nullable' annotations context. [c:\Users\mathi\Documents\development\backend\BL\BL.csproj]
c:\Users\mathi\Documents\development\backend\BL\Ai\Managers\IAiManager.cs(11,73): warning CS8632: The annotation for nullable reference types should only be used in code within a '#nullable' annotations context. [c:\Users\mathi\Documents\development\backend\BL\BL.csproj]
c:\Users\mathi\Documents\development\backend\BL\Ai\Managers\IAiManager.cs(11,101): warning CS8632: The annotation for nullable reference types should only be used in code within a '#nullable' annotations context. [c:\Users\mathi\Documents\development\backend\BL\BL.csproj]
c:\Users\mathi\Documents\development\backend\BL\Ai\Managers\IAiManager.cs(12,92): warning CS8632: The annotation for nullable reference types should only be used in code within a '#nullable' annotations context. [c:\Users\mathi\Documents\development\backend\BL\BL.csproj]
c:\Users\mathi\Documents\development\backend\BL\Ai\Managers\IAiManager.cs(12,120): warning CS8632: The annotation for nullable reference types should only be used in code within a '#nullable' annotations context. [c:\Users\mathi\Documents\development\backend\BL\BL.csproj]
c:\Users\mathi\Documents\development\backend\BL\Ai\Managers\IAiManager.cs(13,152): warning CS8632: The annotation for nullable reference types should only be used in code within a '#nullable' annotations context. [c:\Users\mathi\Documents\development\backend\BL\BL.csproj]
c:\Users\mathi\Documents\development\backend\BL\Ai\Managers\IAiManager.cs(13,180): warning CS8632: The annotation for nullable reference types should only be used in code within a '#nullable' annotations context. [c:\Users\mathi\Documents\development\backend\BL\BL.csproj]
c:\Users\mathi\Documents\development\backend\BL\Ai\Managers\IAiManager.cs(18,15): warning CS8632: The annotation for nullable reference types should only be used in code within a '#nullable' annotations context. [c:\Users\mathi\Documents\development\backend\BL\BL.csproj]
c:\Users\mathi\Documents\development\backend\BL\Ai\Managers\IAiManager.cs(19,15): warning CS8632: The annotation for nullable reference types should only be used in code within a '#nullable' annotations context. [c:\Users\mathi\Documents\development\backend\BL\BL.csproj]
c:\Users\mathi\Documents\development\backend\BL\Ai\Managers\IAiAdminManager.cs(13,15): warning CS8632: The annotation for nullable reference types should only be used in code within a '#nullable' annotations context. [c:\Users\mathi\Documents\development\backend\BL\BL.csproj]
c:\Users\mathi\Documents\development\backend\BL\Ai\Managers\IAiAdminManager.cs(14,15): warning CS8632: The annotation for nullable reference types should only be used in code within a '#nullable' annotations context. [c:\Users\mathi\Documents\development\backend\BL\BL.csproj]
c:\Users\mathi\Documents\development\backend\BL\Ai\Managers\IAiAdminManager.cs(15,15): warning CS8632: The annotation for nullable reference types should only be used in code within a '#nullable' annotations context. [c:\Users\mathi\Documents\development\backend\BL\BL.csproj]
c:\Users\mathi\Documents\development\backend\BL\Ai\Managers\IAiAdminManager.cs(16,15): warning CS8632: The annotation for nullable reference types should only be used in code within a '#nullable' annotations context. [c:\Users\mathi\Documents\development\backend\BL\BL.csproj]
c:\Users\mathi\Documents\development\backend\BL\Ai\Managers\IAiAdminManager.cs(17,15): warning CS8632: The annotation for nullable reference types should only be used in code within a '#nullable' annotations context. [c:\Users\mathi\Documents\development\backend\BL\BL.csproj]
c:\Users\mathi\Documents\development\backend\BL\Ai\Managers\IAiAdminManager.cs(18,15): warning CS8632: The annotation for nullable reference types should only be used in code within a '#nullable' annotations context. [c:\Users\mathi\Documents\development\backend\BL\BL.csproj]
c:\Users\mathi\Documents\development\backend\BL\Ai\Managers\IAiAdminManager.cs(21,77): warning CS8632: The annotation for nullable reference types should only be used in code within a '#nullable' annotations context. [c:\Users\mathi\Documents\development\backend\BL\BL.csproj]
c:\Users\mathi\Documents\development\backend\BL\Ai\Managers\IAiAdminManager.cs(21,105): warning CS8632: The annotation for nullable reference types should only be used in code within a '#nullable' annotations context. [c:\Users\mathi\Documents\development\backend\BL\BL.csproj]
c:\Users\mathi\Documents\development\backend\BL\Ai\Managers\IAiManager.cs(37,15): warning CS8632: The annotation for nullable reference types should only be used in code within a '#nullable' annotations context. [c:\Users\mathi\Documents\development\backend\BL\BL.csproj]
c:\Users\mathi\Documents\development\backend\BL\Ai\Managers\IAiManager.cs(38,15): warning CS8632: The annotation for nullable reference types should only be used in code within a '#nullable' annotations context. [c:\Users\mathi\Documents\development\backend\BL\BL.csproj]
c:\Users\mathi\Documents\development\backend\BL\Ai\Managers\IAiManager.cs(39,15): warning CS8632: The annotation for nullable reference types should only be used in code within a '#nullable' annotations context. [c:\Users\mathi\Documents\development\backend\BL\BL.csproj]
c:\Users\mathi\Documents\development\backend\BL\Ideation\IdeaManager.cs(526,90): warning CS8632: The annotation for nullable reference types should only be used in code within a '#nullable' annotations context. [c:\Users\mathi\Documents\development\backend\BL\BL.csproj]
c:\Users\mathi\Documents\development\backend\BL\Ideation\IdeaManager.cs(526,118): warning CS8632: The annotation for nullable reference types should only be used in code within a '#nullable' annotations context. [c:\Users\mathi\Documents\development\backend\BL\BL.csproj]
c:\Users\mathi\Documents\development\backend\BL\Ai\Managers\IAiAdminManager.cs(43,21): warning CS8632: The annotation for nullable reference types should only be used in code within a '#nullable' annotations context. [c:\Users\mathi\Documents\development\backend\BL\BL.csproj]
c:\Users\mathi\Documents\development\backend\BL\Ai\Managers\IAiAdminManager.cs(44,21): warning CS8632: The annotation for nullable reference types should only be used in code within a '#nullable' annotations context. [c:\Users\mathi\Documents\development\backend\BL\BL.csproj]
c:\Users\mathi\Documents\development\backend\BL\Ai\Managers\NoopAiManager.cs(28,108): warning CS8632: The annotation for nullable reference types should only be used in code within a '#nullable' annotations context. [c:\Users\mathi\Documents\development\backend\BL\BL.csproj]
c:\Users\mathi\Documents\development\backend\BL\Ai\Managers\NoopAiManager.cs(28,136): warning CS8632: The annotation for nullable reference types should only be used in code within a '#nullable' annotations context. [c:\Users\mathi\Documents\development\backend\BL\BL.csproj]
c:\Users\mathi\Documents\development\backend\BL\Ai\Managers\NoopAiManager.cs(33,80): warning CS8632: The annotation for nullable reference types should only be used in code within a '#nullable' annotations context. [c:\Users\mathi\Documents\development\backend\BL\BL.csproj]
c:\Users\mathi\Documents\development\backend\BL\Ai\Managers\NoopAiManager.cs(33,108): warning CS8632: The annotation for nullable reference types should only be used in code within a '#nullable' annotations context. [c:\Users\mathi\Documents\development\backend\BL\BL.csproj]
c:\Users\mathi\Documents\development\backend\BL\Ai\Managers\NoopAiManager.cs(46,99): warning CS8632: The annotation for nullable reference types should only be used in code within a '#nullable' annotations context. [c:\Users\mathi\Documents\development\backend\BL\BL.csproj]
c:\Users\mathi\Documents\development\backend\BL\Ai\Managers\NoopAiManager.cs(46,127): warning CS8632: The annotation for nullable reference types should only be used in code within a '#nullable' annotations context. [c:\Users\mathi\Documents\development\backend\BL\BL.csproj]
c:\Users\mathi\Documents\development\backend\BL\Ai\Managers\NoopAiManager.cs(67,159): warning CS8632: The annotation for nullable reference types should only be used in code within a '#nullable' annotations context. [c:\Users\mathi\Documents\development\backend\BL\BL.csproj]
c:\Users\mathi\Documents\development\backend\BL\Ai\Managers\NoopAiManager.cs(67,187): warning CS8632: The annotation for nullable reference types should only be used in code within a '#nullable' annotations context. [c:\Users\mathi\Documents\development\backend\BL\BL.csproj]
c:\Users\mathi\Documents\development\backend\BL\Ai\Managers\NoopAiManager.cs(83,190): warning CS8632: The annotation for nullable reference types should only be used in code within a '#nullable' annotations context. [c:\Users\mathi\Documents\development\backend\BL\BL.csproj]
c:\Users\mathi\Documents\development\backend\BL\Ai\Managers\NoopAiManager.cs(83,218): warning CS8632: The annotation for nullable reference types should only be used in code within a '#nullable' annotations context. [c:\Users\mathi\Documents\development\backend\BL\BL.csproj]
c:\Users\mathi\Documents\development\backend\BL\Ai\Managers\NoopAiManager.cs(176,15): warning CS8632: The annotation for nullable reference types should only be used in code within a '#nullable' annotations context. [c:\Users\mathi\Documents\development\backend\BL\BL.csproj]
c:\Users\mathi\Documents\development\backend\BL\Ai\Managers\NoopAiManager.cs(177,15): warning CS8632: The annotation for nullable reference types should only be used in code within a '#nullable' annotations context. [c:\Users\mathi\Documents\development\backend\BL\BL.csproj]
c:\Users\mathi\Documents\development\backend\BL\Ai\Managers\NoopAiManager.cs(178,15): warning CS8632: The annotation for nullable reference types should only be used in code within a '#nullable' annotations context. [c:\Users\mathi\Documents\development\backend\BL\BL.csproj]
c:\Users\mathi\Documents\development\backend\BL\Ai\services\AiPricingService.cs(128,38): warning CS8632: The annotation for nullable reference types should only be used in code within a '#nullable' annotations context. [c:\Users\mathi\Documents\development\backend\BL\BL.csproj]
c:\Users\mathi\Documents\development\backend\BL\Ai\Util\AiPromptDefaults.cs(295,90): warning CS8632: The annotation for nullable reference types should only be used in code within a '#nullable' annotations context. [c:\Users\mathi\Documents\development\backend\BL\BL.csproj]
c:\Users\mathi\Documents\development\backend\BL\Ai\Util\AiPromptDefaults.cs(314,118): warning CS8632: The annotation for nullable reference types should only be used in code within a '#nullable' annotations context. [c:\Users\mathi\Documents\development\backend\BL\BL.csproj]
c:\Users\mathi\Documents\development\backend\BL\Administration\AdminManager.cs(71,37): warning CS0168: The variable 'e' is declared but never used [c:\Users\mathi\Documents\development\backend\BL\BL.csproj]
c:\Users\mathi\Documents\development\backend\BL\Administration\AdminManager.cs(83,37): warning CS0168: The variable 'e' is declared but never used [c:\Users\mathi\Documents\development\backend\BL\BL.csproj]
c:\Users\mathi\Documents\development\backend\UI-MVC\Controllers\Admin\WorkspaceAdminController.cs(12,7): warning CS0105: The using directive for 'Conversey.BL.Survey' appeared previously in this namespace [c:\Users\mathi\Documents\development\backend\UI-MVC\UI-MVC.csproj]
c:\Users\mathi\Documents\development\backend\UI-MVC\Models\AdminExtensions.cs(69,28): warning CS8632: The annotation for nullable reference types should only be used in code within a '#nullable' annotations context. [c:\Users\mathi\Documents\development\backend\UI-MVC\UI-MVC.csproj]
c:\Users\mathi\Documents\development\backend\UI-MVC\Models\AdminExtensions.cs(83,28): warning CS8632: The annotation for nullable reference types should only be used in code within a '#nullable' annotations context. [c:\Users\mathi\Documents\development\backend\UI-MVC\UI-MVC.csproj]
c:\Users\mathi\Documents\development\backend\UI-MVC\Models\Admin\AdminProfileViewModel.cs(22,18): warning CS8632: The annotation for nullable reference types should only be used in code within a '#nullable' annotations context. [c:\Users\mathi\Documents\development\backend\UI-MVC\UI-MVC.csproj]
c:\Users\mathi\Documents\development\backend\UI-MVC\Models\Admin\AdminProfileViewModel.cs(25,18): warning CS8632: The annotation for nullable reference types should only be used in code within a '#nullable' annotations context. [c:\Users\mathi\Documents\development\backend\UI-MVC\UI-MVC.csproj]
c:\Users\mathi\Documents\development\backend\UI-MVC\Controllers\Admin\ContactsController.cs(26,50): warning CS8632: The annotation for nullable reference types should only be used in code within a '#nullable' annotations context. [c:\Users\mathi\Documents\development\backend\UI-MVC\UI-MVC.csproj]
c:\Users\mathi\Documents\development\backend\UI-MVC\Controllers\Admin\ContactsController.cs(26,81): warning CS8632: The annotation for nullable reference types should only be used in code within a '#nullable' annotations context. [c:\Users\mathi\Documents\development\backend\UI-MVC\UI-MVC.csproj]
c:\Users\mathi\Documents\development\backend\UI-MVC\Controllers\AiAdminController.cs(348,64): warning CS8632: The annotation for nullable reference types should only be used in code within a '#nullable' annotations context. [c:\Users\mathi\Documents\development\backend\UI-MVC\UI-MVC.csproj]
c:\Users\mathi\Documents\development\backend\UI-MVC\Controllers\Admin\ConverseyAnalyticsController.cs(26,27): warning CS8632: The annotation for nullable reference types should only be used in code within a '#nullable' annotations context. [c:\Users\mathi\Documents\development\backend\UI-MVC\UI-MVC.csproj]
c:\Users\mathi\Documents\development\backend\UI-MVC\Models\AiAdmin\AiCostsViewModel.cs(21,18): warning CS8632: The annotation for nullable reference types should only be used in code within a '#nullable' annotations context. [c:\Users\mathi\Documents\development\backend\UI-MVC\UI-MVC.csproj]
c:\Users\mathi\Documents\development\backend\UI-MVC\Models\AiAdmin\AiCostsViewModel.cs(22,18): warning CS8632: The annotation for nullable reference types should only be used in code within a '#nullable' annotations context. [c:\Users\mathi\Documents\development\backend\UI-MVC\UI-MVC.csproj]
c:\Users\mathi\Documents\development\backend\UI-MVC\Models\AiAdmin\AiCostsViewModel.cs(23,18): warning CS8632: The annotation for nullable reference types should only be used in code within a '#nullable' annotations context. [c:\Users\mathi\Documents\development\backend\UI-MVC\UI-MVC.csproj]
c:\Users\mathi\Documents\development\backend\UI-MVC\Models\AiAdmin\AiCostsViewModel.cs(24,18): warning CS8632: The annotation for nullable reference types should only be used in code within a '#nullable' annotations context. [c:\Users\mathi\Documents\development\backend\UI-MVC\UI-MVC.csproj]
c:\Users\mathi\Documents\development\backend\UI-MVC\Models\AiAdmin\AiCostsViewModel.cs(25,18): warning CS8632: The annotation for nullable reference types should only be used in code within a '#nullable' annotations context. [c:\Users\mathi\Documents\development\backend\UI-MVC\UI-MVC.csproj]
c:\Users\mathi\Documents\development\backend\UI-MVC\Models\AiAdmin\AiKeywordsViewModel.cs(12,18): warning CS8632: The annotation for nullable reference types should only be used in code within a '#nullable' annotations context. [c:\Users\mathi\Documents\development\backend\UI-MVC\UI-MVC.csproj]
c:\Users\mathi\Documents\development\backend\UI-MVC\Controllers\Admin\ModelStateHelper.cs(12,15): warning CS8632: The annotation for nullable reference types should only be used in code within a '#nullable' annotations context. [c:\Users\mathi\Documents\development\backend\UI-MVC\UI-MVC.csproj]
c:\Users\mathi\Documents\development\backend\UI-MVC\Controllers\Admin\ModelStateHelper.cs(38,45): warning CS8632: The annotation for nullable reference types should only be used in code within a '#nullable' annotations context. [c:\Users\mathi\Documents\development\backend\UI-MVC\UI-MVC.csproj]
c:\Users\mathi\Documents\development\backend\UI-MVC\Models\AiAdmin\AiProvidersViewModel.cs(32,18): warning CS8632: The annotation for nullable reference types should only be used in code within a '#nullable' annotations context. [c:\Users\mathi\Documents\development\backend\UI-MVC\UI-MVC.csproj]
c:\Users\mathi\Documents\development\backend\UI-MVC\Models\Admin\DashboardViewModel.cs(258,18): warning CS8632: The annotation for nullable reference types should only be used in code within a '#nullable' annotations context. [c:\Users\mathi\Documents\development\backend\UI-MVC\UI-MVC.csproj]
c:\Users\mathi\Documents\development\backend\UI-MVC\Models\Analytics\AnalyticsViewModels.cs(13,18): warning CS8632: The annotation for nullable reference types should only be used in code within a '#nullable' annotations context. [c:\Users\mathi\Documents\development\backend\UI-MVC\UI-MVC.csproj]
c:\Users\mathi\Documents\development\backend\UI-MVC\Controllers\Admin\WorkspaceAnalyticsController.cs(37,27): warning CS8632: The annotation for nullable reference types should only be used in code within a '#nullable' annotations context. [c:\Users\mathi\Documents\development\backend\UI-MVC\UI-MVC.csproj]
c:\Users\mathi\Documents\development\backend\UI-MVC\Controllers\Admin\WorkspaceAnalyticsController.cs(41,27): warning CS8632: The annotation for nullable reference types should only be used in code within a '#nullable' annotations context. [c:\Users\mathi\Documents\development\backend\UI-MVC\UI-MVC.csproj]
c:\Users\mathi\Documents\development\backend\UI-MVC\Controllers\Admin\WorkspaceAnalyticsController.cs(187,27): warning CS8632: The annotation for nullable reference types should only be used in code within a '#nullable' annotations context. [c:\Users\mathi\Documents\development\backend\UI-MVC\UI-MVC.csproj]
c:\Users\mathi\Documents\development\backend\UI-MVC\Controllers\Admin\WorkspaceAnalyticsController.cs(188,27): warning CS8632: The annotation for nullable reference types should only be used in code within a '#nullable' annotations context. [c:\Users\mathi\Documents\development\backend\UI-MVC\UI-MVC.csproj]
c:\Users\mathi\Documents\development\backend\UI-MVC\Controllers\Admin\WorkspaceAnalyticsController.cs(189,27): warning CS8632: The annotation for nullable reference types should only be used in code within a '#nullable' annotations context. [c:\Users\mathi\Documents\development\backend\UI-MVC\UI-MVC.csproj]
c:\Users\mathi\Documents\development\backend\UI-MVC\Controllers\Admin\WorkspaceAnalyticsController.cs(190,27): warning CS8632: The annotation for nullable reference types should only be used in code within a '#nullable' annotations context. [c:\Users\mathi\Documents\development\backend\UI-MVC\UI-MVC.csproj]
c:\Users\mathi\Documents\development\backend\UI-MVC\Controllers\Admin\WorkspaceAnalyticsController.cs(191,27): warning CS8632: The annotation for nullable reference types should only be used in code within a '#nullable' annotations context. [c:\Users\mathi\Documents\development\backend\UI-MVC\UI-MVC.csproj]
c:\Users\mathi\Documents\development\backend\UI-MVC\Models\Admin\DashboardViewModel.cs(392,18): warning CS8632: The annotation for nullable reference types should only be used in code within a '#nullable' annotations context. [c:\Users\mathi\Documents\development\backend\UI-MVC\UI-MVC.csproj]
c:\Users\mathi\Documents\development\backend\UI-MVC\Models\Analytics\AnalyticsViewModels.cs(42,19): warning CS8632: The annotation for nullable reference types should only be used in code within a '#nullable' annotations context. [c:\Users\mathi\Documents\development\backend\UI-MVC\UI-MVC.csproj]
c:\Users\mathi\Documents\development\backend\UI-MVC\Models\Admin\DashboardViewModel.cs(397,18): warning CS8632: The annotation for nullable reference types should only be used in code within a '#nullable' annotations context. [c:\Users\mathi\Documents\development\backend\UI-MVC\UI-MVC.csproj]
c:\Users\mathi\Documents\development\backend\UI-MVC\Controllers\Admin\WorkspaceAnalyticsController.cs(299,27): warning CS8632: The annotation for nullable reference types should only be used in code within a '#nullable' annotations context. [c:\Users\mathi\Documents\development\backend\UI-MVC\UI-MVC.csproj]
c:\Users\mathi\Documents\development\backend\UI-MVC\Controllers\Admin\WorkspaceAnalyticsController.cs(300,27): warning CS8632: The annotation for nullable reference types should only be used in code within a '#nullable' annotations context. [c:\Users\mathi\Documents\development\backend\UI-MVC\UI-MVC.csproj]
c:\Users\mathi\Documents\development\backend\UI-MVC\Controllers\Admin\WorkspaceAnalyticsController.cs(301,27): warning CS8632: The annotation for nullable reference types should only be used in code within a '#nullable' annotations context. [c:\Users\mathi\Documents\development\backend\UI-MVC\UI-MVC.csproj]
c:\Users\mathi\Documents\development\backend\UI-MVC\Controllers\Admin\WorkspaceAnalyticsController.cs(302,27): warning CS8632: The annotation for nullable reference types should only be used in code within a '#nullable' annotations context. [c:\Users\mathi\Documents\development\backend\UI-MVC\UI-MVC.csproj]
c:\Users\mathi\Documents\development\backend\UI-MVC\Controllers\Admin\WorkspaceAnalyticsController.cs(303,27): warning CS8632: The annotation for nullable reference types should only be used in code within a '#nullable' annotations context. [c:\Users\mathi\Documents\development\backend\UI-MVC\UI-MVC.csproj]
c:\Users\mathi\Documents\development\backend\UI-MVC\Controllers\Admin\WorkspaceAnalyticsController.cs(354,27): warning CS8632: The annotation for nullable reference types should only be used in code within a '#nullable' annotations context. [c:\Users\mathi\Documents\development\backend\UI-MVC\UI-MVC.csproj]
c:\Users\mathi\Documents\development\backend\UI-MVC\Controllers\Admin\WorkspaceAnalyticsController.cs(355,27): warning CS8632: The annotation for nullable reference types should only be used in code within a '#nullable' annotations context. [c:\Users\mathi\Documents\development\backend\UI-MVC\UI-MVC.csproj]
c:\Users\mathi\Documents\development\backend\UI-MVC\Models\Analytics\AnalyticsViewModels.cs(55,32): warning CS8632: The annotation for nullable reference types should only be used in code within a '#nullable' annotations context. [c:\Users\mathi\Documents\development\backend\UI-MVC\UI-MVC.csproj]
c:\Users\mathi\Documents\development\backend\UI-MVC\Controllers\Admin\WorkspaceAnalyticsController.cs(356,27): warning CS8632: The annotation for nullable reference types should only be used in code within a '#nullable' annotations context. [c:\Users\mathi\Documents\development\backend\UI-MVC\UI-MVC.csproj]
c:\Users\mathi\Documents\development\backend\UI-MVC\Models\Admin\DashboardViewModel.cs(459,18): warning CS8632: The annotation for nullable reference types should only be used in code within a '#nullable' annotations context. [c:\Users\mathi\Documents\development\backend\UI-MVC\UI-MVC.csproj]
c:\Users\mathi\Documents\development\backend\UI-MVC\Models\Admin\DashboardViewModel.cs(464,18): warning CS8632: The annotation for nullable reference types should only be used in code within a '#nullable' annotations context. [c:\Users\mathi\Documents\development\backend\UI-MVC\UI-MVC.csproj]
c:\Users\mathi\Documents\development\backend\UI-MVC\Models\Admin\DashboardViewModel.cs(469,18): warning CS8632: The annotation for nullable reference types should only be used in code within a '#nullable' annotations context. [c:\Users\mathi\Documents\development\backend\UI-MVC\UI-MVC.csproj]
c:\Users\mathi\Documents\development\backend\UI-MVC\Models\Analytics\AnalyticsViewModels.cs(69,18): warning CS8632: The annotation for nullable reference types should only be used in code within a '#nullable' annotations context. [c:\Users\mathi\Documents\development\backend\UI-MVC\UI-MVC.csproj]
c:\Users\mathi\Documents\development\backend\UI-MVC\Controllers\Api\AnalyticsApiController.cs(28,47): warning CS8632: The annotation for nullable reference types should only be used in code within a '#nullable' annotations context. [c:\Users\mathi\Documents\development\backend\UI-MVC\UI-MVC.csproj]
c:\Users\mathi\Documents\development\backend\UI-MVC\Models\Analytics\AnalyticsViewModels.cs(70,18): warning CS8632: The annotation for nullable reference types should only be used in code within a '#nullable' annotations context. [c:\Users\mathi\Documents\development\backend\UI-MVC\UI-MVC.csproj]
c:\Users\mathi\Documents\development\backend\UI-MVC\Models\Analytics\AnalyticsViewModels.cs(71,18): warning CS8632: The annotation for nullable reference types should only be used in code within a '#nullable' annotations context. [c:\Users\mathi\Documents\development\backend\UI-MVC\UI-MVC.csproj]
c:\Users\mathi\Documents\development\backend\UI-MVC\Models\Analytics\AnalyticsViewModels.cs(72,18): warning CS8632: The annotation for nullable reference types should only be used in code within a '#nullable' annotations context. [c:\Users\mathi\Documents\development\backend\UI-MVC\UI-MVC.csproj]
c:\Users\mathi\Documents\development\backend\UI-MVC\Models\Analytics\AnalyticsViewModels.cs(73,18): warning CS8632: The annotation for nullable reference types should only be used in code within a '#nullable' annotations context. [c:\Users\mathi\Documents\development\backend\UI-MVC\UI-MVC.csproj]
c:\Users\mathi\Documents\development\backend\UI-MVC\Models\Contacts\ContactsViewModel.cs(8,18): warning CS8632: The annotation for nullable reference types should only be used in code within a '#nullable' annotations context. [c:\Users\mathi\Documents\development\backend\UI-MVC\UI-MVC.csproj]
c:\Users\mathi\Documents\development\backend\UI-MVC\Models\Contacts\ContactsViewModel.cs(9,18): warning CS8632: The annotation for nullable reference types should only be used in code within a '#nullable' annotations context. [c:\Users\mathi\Documents\development\backend\UI-MVC\UI-MVC.csproj]
c:\Users\mathi\Documents\development\backend\UI-MVC\Controllers\Api\AnalyticsApiController.cs(34,27): warning CS8632: The annotation for nullable reference types should only be used in code within a '#nullable' annotations context. [c:\Users\mathi\Documents\development\backend\UI-MVC\UI-MVC.csproj]
c:\Users\mathi\Documents\development\backend\UI-MVC\Controllers\Api\AnalyticsApiController.cs(38,27): warning CS8632: The annotation for nullable reference types should only be used in code within a '#nullable' annotations context. [c:\Users\mathi\Documents\development\backend\UI-MVC\UI-MVC.csproj]
c:\Users\mathi\Documents\development\backend\UI-MVC\Models\Analytics\AnalyticsViewModels.cs(84,18): warning CS8632: The annotation for nullable reference types should only be used in code within a '#nullable' annotations context. [c:\Users\mathi\Documents\development\backend\UI-MVC\UI-MVC.csproj]
c:\Users\mathi\Documents\development\backend\UI-MVC\Models\Analytics\AnalyticsViewModels.cs(85,18): warning CS8632: The annotation for nullable reference types should only be used in code within a '#nullable' annotations context. [c:\Users\mathi\Documents\development\backend\UI-MVC\UI-MVC.csproj]
c:\Users\mathi\Documents\development\backend\UI-MVC\Models\Analytics\AnalyticsViewModels.cs(86,18): warning CS8632: The annotation for nullable reference types should only be used in code within a '#nullable' annotations context. [c:\Users\mathi\Documents\development\backend\UI-MVC\UI-MVC.csproj]
c:\Users\mathi\Documents\development\backend\UI-MVC\Models\Analytics\AnalyticsViewModels.cs(87,18): warning CS8632: The annotation for nullable reference types should only be used in code within a '#nullable' annotations context. [c:\Users\mathi\Documents\development\backend\UI-MVC\UI-MVC.csproj]
c:\Users\mathi\Documents\development\backend\UI-MVC\Models\Analytics\AnalyticsViewModels.cs(95,18): warning CS8632: The annotation for nullable reference types should only be used in code within a '#nullable' annotations context. [c:\Users\mathi\Documents\development\backend\UI-MVC\UI-MVC.csproj]
c:\Users\mathi\Documents\development\backend\UI-MVC\Controllers\Admin\WorkspaceAdminController.cs(61,70): warning CS8632: The annotation for nullable reference types should only be used in code within a '#nullable' annotations context. [c:\Users\mathi\Documents\development\backend\UI-MVC\UI-MVC.csproj]
c:\Users\mathi\Documents\development\backend\UI-MVC\Controllers\Api\AnalyticsApiController.cs(59,27): warning CS8632: The annotation for nullable reference types should only be used in code within a '#nullable' annotations context. [c:\Users\mathi\Documents\development\backend\UI-MVC\UI-MVC.csproj]
c:\Users\mathi\Documents\development\backend\UI-MVC\Controllers\Api\AnalyticsApiController.cs(63,27): warning CS8632: The annotation for nullable reference types should only be used in code within a '#nullable' annotations context. [c:\Users\mathi\Documents\development\backend\UI-MVC\UI-MVC.csproj]
c:\Users\mathi\Documents\development\backend\UI-MVC\Models\Analytics\AnalyticsViewModels.cs(104,33): warning CS8632: The annotation for nullable reference types should only be used in code within a '#nullable' annotations context. [c:\Users\mathi\Documents\development\backend\UI-MVC\UI-MVC.csproj]
c:\Users\mathi\Documents\development\backend\UI-MVC\Models\Analytics\AnalyticsViewModels.cs(105,32): warning CS8632: The annotation for nullable reference types should only be used in code within a '#nullable' annotations context. [c:\Users\mathi\Documents\development\backend\UI-MVC\UI-MVC.csproj]
c:\Users\mathi\Documents\development\backend\UI-MVC\Models\Analytics\AnalyticsViewModels.cs(106,38): warning CS8632: The annotation for nullable reference types should only be used in code within a '#nullable' annotations context. [c:\Users\mathi\Documents\development\backend\UI-MVC\UI-MVC.csproj]
c:\Users\mathi\Documents\development\backend\UI-MVC\Models\Analytics\AnalyticsViewModels.cs(107,32): warning CS8632: The annotation for nullable reference types should only be used in code within a '#nullable' annotations context. [c:\Users\mathi\Documents\development\backend\UI-MVC\UI-MVC.csproj]
c:\Users\mathi\Documents\development\backend\UI-MVC\Models\Analytics\AnalyticsViewModels.cs(108,18): warning CS8632: The annotation for nullable reference types should only be used in code within a '#nullable' annotations context. [c:\Users\mathi\Documents\development\backend\UI-MVC\UI-MVC.csproj]
c:\Users\mathi\Documents\development\backend\UI-MVC\Controllers\Admin\WorkspaceAdminController.cs(376,67): warning CS8632: The annotation for nullable reference types should only be used in code within a '#nullable' annotations context. [c:\Users\mathi\Documents\development\backend\UI-MVC\UI-MVC.csproj]
c:\Users\mathi\Documents\development\backend\UI-MVC\Controllers\Api\AnalyticsApiController.cs(84,27): warning CS8632: The annotation for nullable reference types should only be used in code within a '#nullable' annotations context. [c:\Users\mathi\Documents\development\backend\UI-MVC\UI-MVC.csproj]
c:\Users\mathi\Documents\development\backend\UI-MVC\Controllers\Admin\WorkspaceAdminController.cs(477,66): warning CS8632: The annotation for nullable reference types should only be used in code within a '#nullable' annotations context. [c:\Users\mathi\Documents\development\backend\UI-MVC\UI-MVC.csproj]
c:\Users\mathi\Documents\development\backend\UI-MVC\Models\Analytics\AnalyticsViewModels.cs(125,18): warning CS8632: The annotation for nullable reference types should only be used in code within a '#nullable' annotations context. [c:\Users\mathi\Documents\development\backend\UI-MVC\UI-MVC.csproj]
c:\Users\mathi\Documents\development\backend\UI-MVC\Controllers\Api\AnalyticsApiController.cs(105,27): warning CS8632: The annotation for nullable reference types should only be used in code within a '#nullable' annotations context. [c:\Users\mathi\Documents\development\backend\UI-MVC\UI-MVC.csproj]
c:\Users\mathi\Documents\development\backend\UI-MVC\Controllers\Api\AnalyticsApiController.cs(109,27): warning CS8632: The annotation for nullable reference types should only be used in code within a '#nullable' annotations context. [c:\Users\mathi\Documents\development\backend\UI-MVC\UI-MVC.csproj]
c:\Users\mathi\Documents\development\backend\UI-MVC\Models\Analytics\AnalyticsViewModels.cs(135,18): warning CS8632: The annotation for nullable reference types should only be used in code within a '#nullable' annotations context. [c:\Users\mathi\Documents\development\backend\UI-MVC\UI-MVC.csproj]
c:\Users\mathi\Documents\development\backend\UI-MVC\Models\Analytics\AnalyticsViewModels.cs(138,18): warning CS8632: The annotation for nullable reference types should only be used in code within a '#nullable' annotations context. [c:\Users\mathi\Documents\development\backend\UI-MVC\UI-MVC.csproj]
c:\Users\mathi\Documents\development\backend\UI-MVC\Controllers\Api\AnalyticsApiController.cs(130,27): warning CS8632: The annotation for nullable reference types should only be used in code within a '#nullable' annotations context. [c:\Users\mathi\Documents\development\backend\UI-MVC\UI-MVC.csproj]
c:\Users\mathi\Documents\development\backend\UI-MVC\Models\Analytics\AnalyticsViewModels.cs(146,18): warning CS8632: The annotation for nullable reference types should only be used in code within a '#nullable' annotations context. [c:\Users\mathi\Documents\development\backend\UI-MVC\UI-MVC.csproj]
c:\Users\mathi\Documents\development\backend\UI-MVC\Models\Analytics\AnalyticsViewModels.cs(147,18): warning CS8632: The annotation for nullable reference types should only be used in code within a '#nullable' annotations context. [c:\Users\mathi\Documents\development\backend\UI-MVC\UI-MVC.csproj]
c:\Users\mathi\Documents\development\backend\UI-MVC\Models\Analytics\AnalyticsViewModels.cs(148,18): warning CS8632: The annotation for nullable reference types should only be used in code within a '#nullable' annotations context. [c:\Users\mathi\Documents\development\backend\UI-MVC\UI-MVC.csproj]
c:\Users\mathi\Documents\development\backend\UI-MVC\Controllers\Api\AnalyticsApiController.cs(151,27): warning CS8632: The annotation for nullable reference types should only be used in code within a '#nullable' annotations context. [c:\Users\mathi\Documents\development\backend\UI-MVC\UI-MVC.csproj]
c:\Users\mathi\Documents\development\backend\UI-MVC\Controllers\Api\AnalyticsApiController.cs(172,27): warning CS8632: The annotation for nullable reference types should only be used in code within a '#nullable' annotations context. [c:\Users\mathi\Documents\development\backend\UI-MVC\UI-MVC.csproj]
c:\Users\mathi\Documents\development\backend\UI-MVC\Models\Analytics\AnalyticsViewModels.cs(158,18): warning CS8632: The annotation for nullable reference types should only be used in code within a '#nullable' annotations context. [c:\Users\mathi\Documents\development\backend\UI-MVC\UI-MVC.csproj]
c:\Users\mathi\Documents\development\backend\UI-MVC\Models\Analytics\AnalyticsViewModels.cs(159,18): warning CS8632: The annotation for nullable reference types should only be used in code within a '#nullable' annotations context. [c:\Users\mathi\Documents\development\backend\UI-MVC\UI-MVC.csproj]
c:\Users\mathi\Documents\development\backend\UI-MVC\Models\Analytics\AnalyticsViewModels.cs(160,18): warning CS8632: The annotation for nullable reference types should only be used in code within a '#nullable' annotations context. [c:\Users\mathi\Documents\development\backend\UI-MVC\UI-MVC.csproj]
c:\Users\mathi\Documents\development\backend\UI-MVC\Models\Analytics\AnalyticsViewModels.cs(163,18): warning CS8632: The annotation for nullable reference types should only be used in code within a '#nullable' annotations context. [c:\Users\mathi\Documents\development\backend\UI-MVC\UI-MVC.csproj]
c:\Users\mathi\Documents\development\backend\UI-MVC\Models\Analytics\AnalyticsViewModels.cs(165,18): warning CS8632: The annotation for nullable reference types should only be used in code within a '#nullable' annotations context. [c:\Users\mathi\Documents\development\backend\UI-MVC\UI-MVC.csproj]
c:\Users\mathi\Documents\development\backend\UI-MVC\Models\Analytics\AnalyticsViewModels.cs(166,18): warning CS8632: The annotation for nullable reference types should only be used in code within a '#nullable' annotations context. [c:\Users\mathi\Documents\development\backend\UI-MVC\UI-MVC.csproj]
c:\Users\mathi\Documents\development\backend\UI-MVC\Models\Dto\ProjectDto.cs(12,18): warning CS8632: The annotation for nullable reference types should only be used in code within a '#nullable' annotations context. [c:\Users\mathi\Documents\development\backend\UI-MVC\UI-MVC.csproj]
c:\Users\mathi\Documents\development\backend\UI-MVC\Controllers\Api\AnalyticsApiController.cs(193,27): warning CS8632: The annotation for nullable reference types should only be used in code within a '#nullable' annotations context. [c:\Users\mathi\Documents\development\backend\UI-MVC\UI-MVC.csproj]
c:\Users\mathi\Documents\development\backend\UI-MVC\Controllers\Api\AnalyticsApiController.cs(213,27): warning CS8632: The annotation for nullable reference types should only be used in code within a '#nullable' annotations context. [c:\Users\mathi\Documents\development\backend\UI-MVC\UI-MVC.csproj]
c:\Users\mathi\Documents\development\backend\UI-MVC\Controllers\Api\AnalyticsApiController.cs(214,39): warning CS8632: The annotation for nullable reference types should only be used in code within a '#nullable' annotations context. [c:\Users\mathi\Documents\development\backend\UI-MVC\UI-MVC.csproj]
c:\Users\mathi\Documents\development\backend\UI-MVC\Controllers\Api\AnalyticsApiController.cs(218,27): warning CS8632: The annotation for nullable reference types should only be used in code within a '#nullable' annotations context. [c:\Users\mathi\Documents\development\backend\UI-MVC\UI-MVC.csproj]
c:\Users\mathi\Documents\development\backend\UI-MVC\Controllers\Api\AnalyticsApiController.cs(250,27): warning CS8632: The annotation for nullable reference types should only be used in code within a '#nullable' annotations context. [c:\Users\mathi\Documents\development\backend\UI-MVC\UI-MVC.csproj]
c:\Users\mathi\Documents\development\backend\UI-MVC\Controllers\Api\AnalyticsApiController.cs(248,56): warning CS8632: The annotation for nullable reference types should only be used in code within a '#nullable' annotations context. [c:\Users\mathi\Documents\development\backend\UI-MVC\UI-MVC.csproj]
c:\Users\mathi\Documents\development\backend\UI-MVC\Models\WorkspaceAi\WorkspaceAiCostsViewModel.cs(23,18): warning CS8632: The annotation for nullable reference types should only be used in code within a '#nullable' annotations context. [c:\Users\mathi\Documents\development\backend\UI-MVC\UI-MVC.csproj]
c:\Users\mathi\Documents\development\backend\UI-MVC\Models\WorkspaceAi\WorkspaceAiCostsViewModel.cs(24,18): warning CS8632: The annotation for nullable reference types should only be used in code within a '#nullable' annotations context. [c:\Users\mathi\Documents\development\backend\UI-MVC\UI-MVC.csproj]
c:\Users\mathi\Documents\development\backend\UI-MVC\Models\WorkspaceAi\WorkspaceAiCostsViewModel.cs(25,18): warning CS8632: The annotation for nullable reference types should only be used in code within a '#nullable' annotations context. [c:\Users\mathi\Documents\development\backend\UI-MVC\UI-MVC.csproj]
c:\Users\mathi\Documents\development\backend\UI-MVC\Models\WorkspaceAi\WorkspaceAiCostsViewModel.cs(26,18): warning CS8632: The annotation for nullable reference types should only be used in code within a '#nullable' annotations context. [c:\Users\mathi\Documents\development\backend\UI-MVC\UI-MVC.csproj]
c:\Users\mathi\Documents\development\backend\UI-MVC\Models\WorkspaceAi\WorkspaceAiCostsViewModel.cs(27,18): warning CS8632: The annotation for nullable reference types should only be used in code within a '#nullable' annotations context. [c:\Users\mathi\Documents\development\backend\UI-MVC\UI-MVC.csproj]
c:\Users\mathi\Documents\development\backend\UI-MVC\Controllers\Api\AnalyticsApiController.cs(293,27): warning CS8632: The annotation for nullable reference types should only be used in code within a '#nullable' annotations context. [c:\Users\mathi\Documents\development\backend\UI-MVC\UI-MVC.csproj]
c:\Users\mathi\Documents\development\backend\UI-MVC\Controllers\Api\AnalyticsApiController.cs(298,27): warning CS8632: The annotation for nullable reference types should only be used in code within a '#nullable' annotations context. [c:\Users\mathi\Documents\development\backend\UI-MVC\UI-MVC.csproj]
c:\Users\mathi\Documents\development\backend\UI-MVC\Controllers\Api\AnalyticsApiController.cs(299,27): warning CS8632: The annotation for nullable reference types should only be used in code within a '#nullable' annotations context. [c:\Users\mathi\Documents\development\backend\UI-MVC\UI-MVC.csproj]
c:\Users\mathi\Documents\development\backend\UI-MVC\Controllers\Api\AnalyticsApiController.cs(300,27): warning CS8632: The annotation for nullable reference types should only be used in code within a '#nullable' annotations context. [c:\Users\mathi\Documents\development\backend\UI-MVC\UI-MVC.csproj]
c:\Users\mathi\Documents\development\backend\UI-MVC\Controllers\Api\AnalyticsApiController.cs(301,27): warning CS8632: The annotation for nullable reference types should only be used in code within a '#nullable' annotations context. [c:\Users\mathi\Documents\development\backend\UI-MVC\UI-MVC.csproj]
c:\Users\mathi\Documents\development\backend\UI-MVC\Controllers\Admin\WorkspaceAdminController.cs(471,29): warning CS8632: The annotation for nullable reference types should only be used in code within a '#nullable' annotations context. [c:\Users\mathi\Documents\development\backend\UI-MVC\UI-MVC.csproj]
c:\Users\mathi\Documents\development\backend\UI-MVC\Controllers\Api\AnalyticsApiController.cs(382,27): warning CS8632: The annotation for nullable reference types should only be used in code within a '#nullable' annotations context. [c:\Users\mathi\Documents\development\backend\UI-MVC\UI-MVC.csproj]
c:\Users\mathi\Documents\development\backend\UI-MVC\Controllers\Api\AnalyticsApiController.cs(383,27): warning CS8632: The annotation for nullable reference types should only be used in code within a '#nullable' annotations context. [c:\Users\mathi\Documents\development\backend\UI-MVC\UI-MVC.csproj]
c:\Users\mathi\Documents\development\backend\UI-MVC\Models\WorkspaceAi\WorkspaceAiDashboardViewModel.cs(11,23): warning CS8632: The annotation for nullable reference types should only be used in code within a '#nullable' annotations context. [c:\Users\mathi\Documents\development\backend\UI-MVC\UI-MVC.csproj]
c:\Users\mathi\Documents\development\backend\UI-MVC\Models\WorkspaceAi\WorkspaceAiDashboardViewModel.cs(24,23): warning CS8632: The annotation for nullable reference types should only be used in code within a '#nullable' annotations context. [c:\Users\mathi\Documents\development\backend\UI-MVC\UI-MVC.csproj]
c:\Users\mathi\Documents\development\backend\UI-MVC\Models\Dto\WorkspaceDto.cs(10,18): warning CS8632: The annotation for nullable reference types should only be used in code within a '#nullable' annotations context. [c:\Users\mathi\Documents\development\backend\UI-MVC\UI-MVC.csproj]
c:\Users\mathi\Documents\development\backend\UI-MVC\Views\WorkspaceAdmin\Index.cshtml(8,56): warning CS8669: The annotation for nullable reference types should only be used in code within a '#nullable' annotations context. Auto-generated code requires an explicit '#nullable' directive in source. [c:\Users\mathi\Documents\development\backend\UI-MVC\UI-MVC.csproj]
c:\Users\mathi\Documents\development\backend\UI-MVC\Controllers\Admin\WorkspaceAnalyticsController.cs(48,16): warning CS8632: The annotation for nullable reference types should only be used in code within a '#nullable' annotations context. [c:\Users\mathi\Documents\development\backend\UI-MVC\UI-MVC.csproj]
c:\Users\mathi\Documents\development\backend\UI-MVC\Controllers\Admin\ConverseyAnalyticsController.cs(35,35): warning CS8632: The annotation for nullable reference types should only be used in code within a '#nullable' annotations context. [c:\Users\mathi\Documents\development\backend\UI-MVC\UI-MVC.csproj]
c:\Users\mathi\Documents\development\backend\UI-MVC\Controllers\Admin\ConverseyAnalyticsController.cs(36,29): warning CS8632: The annotation for nullable reference types should only be used in code within a '#nullable' annotations context. [c:\Users\mathi\Documents\development\backend\UI-MVC\UI-MVC.csproj]
c:\Users\mathi\Documents\development\backend\UI-MVC\Views\Admin\CreateWorkspaceAdmin.cshtml(7,56): warning CS8669: The annotation for nullable reference types should only be used in code within a '#nullable' annotations context. Auto-generated code requires an explicit '#nullable' directive in source. [c:\Users\mathi\Documents\development\backend\UI-MVC\UI-MVC.csproj]
c:\Users\mathi\Documents\development\backend\UI-MVC\Views\Admin\EditWorkspaceAdmin.cshtml(7,56): warning CS8669: The annotation for nullable reference types should only be used in code within a '#nullable' annotations context. Auto-generated code requires an explicit '#nullable' directive in source. [c:\Users\mathi\Documents\development\backend\UI-MVC\UI-MVC.csproj]
c:\Users\mathi\Documents\development\backend\UI-MVC\Controllers\Admin\WorkspaceAdminController.cs(381,31): warning CS8632: The annotation for nullable reference types should only be used in code within a '#nullable' annotations context. [c:\Users\mathi\Documents\development\backend\UI-MVC\UI-MVC.csproj]
c:\Users\mathi\Documents\development\backend\UI-MVC\Views\ConverseyAdmin\Ai\Index.cshtml(8,56): warning CS8669: The annotation for nullable reference types should only be used in code within a '#nullable' annotations context. Auto-generated code requires an explicit '#nullable' directive in source. [c:\Users\mathi\Documents\development\backend\UI-MVC\UI-MVC.csproj]
c:\Users\mathi\Documents\development\backend\UI-MVC\Views\Contacts\Index.cshtml(8,56): warning CS8669: The annotation for nullable reference types should only be used in code within a '#nullable' annotations context. Auto-generated code requires an explicit '#nullable' directive in source. [c:\Users\mathi\Documents\development\backend\UI-MVC\UI-MVC.csproj]
c:\Users\mathi\Documents\development\backend\UI-MVC\Controllers\Admin\WorkspaceAdminController.cs(431,53): warning CS8632: The annotation for nullable reference types should only be used in code within a '#nullable' annotations context. [c:\Users\mathi\Documents\development\backend\UI-MVC\UI-MVC.csproj]
c:\Users\mathi\Documents\development\backend\UI-MVC\Controllers\Admin\WorkspaceAdminController.cs(482,32): warning CS8632: The annotation for nullable reference types should only be used in code within a '#nullable' annotations context. [c:\Users\mathi\Documents\development\backend\UI-MVC\UI-MVC.csproj]
c:\Users\mathi\Documents\development\backend\UI-MVC\Views\ConverseyAdmin\Ai\Prompts\EditPrompt.cshtml(8,56): warning CS8669: The annotation for nullable reference types should only be used in code within a '#nullable' annotations context. Auto-generated code requires an explicit '#nullable' directive in source. [c:\Users\mathi\Documents\development\backend\UI-MVC\UI-MVC.csproj]
c:\Users\mathi\Documents\development\backend\UI-MVC\Views\ConverseyAdmin\Ai\Pricing\Pricing.cshtml(9,56): warning CS8669: The annotation for nullable reference types should only be used in code within a '#nullable' annotations context. Auto-generated code requires an explicit '#nullable' directive in source. [c:\Users\mathi\Documents\development\backend\UI-MVC\UI-MVC.csproj]
c:\Users\mathi\Documents\development\backend\UI-MVC\Views\AdminProfile\Index.cshtml(16,56): warning CS8669: The annotation for nullable reference types should only be used in code within a '#nullable' annotations context. Auto-generated code requires an explicit '#nullable' directive in source. [c:\Users\mathi\Documents\development\backend\UI-MVC\UI-MVC.csproj]
c:\Users\mathi\Documents\development\backend\UI-MVC\Views\ConverseyAdmin\Ai\Prompts\Prompts.cshtml(18,56): warning CS8669: The annotation for nullable reference types should only be used in code within a '#nullable' annotations context. Auto-generated code requires an explicit '#nullable' directive in source. [c:\Users\mathi\Documents\development\backend\UI-MVC\UI-MVC.csproj]
c:\Users\mathi\Documents\development\backend\UI-MVC\Controllers\AiAdminController.cs(238,15): warning CS8632: The annotation for nullable reference types should only be used in code within a '#nullable' annotations context. [c:\Users\mathi\Documents\development\backend\UI-MVC\UI-MVC.csproj]
c:\Users\mathi\Documents\development\backend\UI-MVC\Views\ConverseyAdmin\AdminManagement.cshtml(7,56): warning CS8669: The annotation for nullable reference types should only be used in code within a '#nullable' annotations context. Auto-generated code requires an explicit '#nullable' directive in source. [c:\Users\mathi\Documents\development\backend\UI-MVC\UI-MVC.csproj]
c:\Users\mathi\Documents\development\backend\UI-MVC\Controllers\AiAdminController.cs(294,15): warning CS8632: The annotation for nullable reference types should only be used in code within a '#nullable' annotations context. [c:\Users\mathi\Documents\development\backend\UI-MVC\UI-MVC.csproj]
c:\Users\mathi\Documents\development\backend\UI-MVC\Views\ConverseyAdmin\Ai\RateLimits\RateLimits.cshtml(9,56): warning CS8669: The annotation for nullable reference types should only be used in code within a '#nullable' annotations context. Auto-generated code requires an explicit '#nullable' directive in source. [c:\Users\mathi\Documents\development\backend\UI-MVC\UI-MVC.csproj]
c:\Users\mathi\Documents\development\backend\UI-MVC\Views\ConverseyAdmin\CreateWorkspace.cshtml(7,56): warning CS8669: The annotation for nullable reference types should only be used in code within a '#nullable' annotations context. Auto-generated code requires an explicit '#nullable' directive in source. [c:\Users\mathi\Documents\development\backend\UI-MVC\UI-MVC.csproj]
c:\Users\mathi\Documents\development\backend\UI-MVC\Views\ConverseyAdmin\EditWorkspace.cshtml(7,56): warning CS8669: The annotation for nullable reference types should only be used in code within a '#nullable' annotations context. Auto-generated code requires an explicit '#nullable' directive in source. [c:\Users\mathi\Documents\development\backend\UI-MVC\UI-MVC.csproj]
c:\Users\mathi\Documents\development\backend\UI-MVC\Views\ConverseyAdmin\Index.cshtml(5,56): warning CS8669: The annotation for nullable reference types should only be used in code within a '#nullable' annotations context. Auto-generated code requires an explicit '#nullable' directive in source. [c:\Users\mathi\Documents\development\backend\UI-MVC\UI-MVC.csproj]
c:\Users\mathi\Documents\development\backend\UI-MVC\Views\ConverseyAdmin\Ai\RateLimits\EditRateLimit.cshtml(8,56): warning CS8669: The annotation for nullable reference types should only be used in code within a '#nullable' annotations context. Auto-generated code requires an explicit '#nullable' directive in source. [c:\Users\mathi\Documents\development\backend\UI-MVC\UI-MVC.csproj]
c:\Users\mathi\Documents\development\backend\UI-MVC\Views\ConverseyAdmin\Workspaces.cshtml(11,56): warning CS8669: The annotation for nullable reference types should only be used in code within a '#nullable' annotations context. Auto-generated code requires an explicit '#nullable' directive in source. [c:\Users\mathi\Documents\development\backend\UI-MVC\UI-MVC.csproj]
c:\Users\mathi\Documents\development\backend\UI-MVC\Views\WorkspaceAdmin\Projects.cshtml(13,56): warning CS8669: The annotation for nullable reference types should only be used in code within a '#nullable' annotations context. Auto-generated code requires an explicit '#nullable' directive in source. [c:\Users\mathi\Documents\development\backend\UI-MVC\UI-MVC.csproj]
c:\Users\mathi\Documents\development\backend\UI-MVC\Views\ConverseyAdmin\WorkspaceDetails.cshtml(11,56): warning CS8669: The annotation for nullable reference types should only be used in code within a '#nullable' annotations context. Auto-generated code requires an explicit '#nullable' directive in source. [c:\Users\mathi\Documents\development\backend\UI-MVC\UI-MVC.csproj]
c:\Users\mathi\Documents\development\backend\UI-MVC\Views\ConverseyAdmin\WorkspaceDetails.cshtml(18,56): warning CS8669: The annotation for nullable reference types should only be used in code within a '#nullable' annotations context. Auto-generated code requires an explicit '#nullable' directive in source. [c:\Users\mathi\Documents\development\backend\UI-MVC\UI-MVC.csproj]
c:\Users\mathi\Documents\development\backend\UI-MVC\Views\ConverseyAdmin\Analytics\Index.cshtml(10,56): warning CS8669: The annotation for nullable reference types should only be used in code within a '#nullable' annotations context. Auto-generated code requires an explicit '#nullable' directive in source. [c:\Users\mathi\Documents\development\backend\UI-MVC\UI-MVC.csproj]
c:\Users\mathi\Documents\development\backend\UI-MVC\Views\WorkspaceAdmin\ProjectDetails.cshtml(16,56): warning CS8669: The annotation for nullable reference types should only be used in code within a '#nullable' annotations context. Auto-generated code requires an explicit '#nullable' directive in source. [c:\Users\mathi\Documents\development\backend\UI-MVC\UI-MVC.csproj]
c:\Users\mathi\Documents\development\backend\UI-MVC\Views\Shared\_AdminHeader.cshtml(24,90): warning CS8669: The annotation for nullable reference types should only be used in code within a '#nullable' annotations context. Auto-generated code requires an explicit '#nullable' directive in source. [c:\Users\mathi\Documents\development\backend\UI-MVC\UI-MVC.csproj]
c:\Users\mathi\Documents\development\backend\UI-MVC\Views\WorkspaceAdmin\EditProject.cshtml(11,56): warning CS8669: The annotation for nullable reference types should only be used in code within a '#nullable' annotations context. Auto-generated code requires an explicit '#nullable' directive in source. [c:\Users\mathi\Documents\development\backend\UI-MVC\UI-MVC.csproj]
c:\Users\mathi\Documents\development\backend\UI-MVC\Views\WorkspaceAdmin\CreateProject.cshtml(10,56): warning CS8669: The annotation for nullable reference types should only be used in code within a '#nullable' annotations context. Auto-generated code requires an explicit '#nullable' directive in source. [c:\Users\mathi\Documents\development\backend\UI-MVC\UI-MVC.csproj]
c:\Users\mathi\Documents\development\backend\UI-MVC\Views\WorkspaceAdmin\Analytics\Moderation.cshtml(10,56): warning CS8669: The annotation for nullable reference types should only be used in code within a '#nullable' annotations context. Auto-generated code requires an explicit '#nullable' directive in source. [c:\Users\mathi\Documents\development\backend\UI-MVC\UI-MVC.csproj]
c:\Users\mathi\Documents\development\backend\UI-MVC\Views\WorkspaceAdmin\Ai\Dashboard.cshtml(9,56): warning CS8669: The annotation for nullable reference types should only be used in code within a '#nullable' annotations context. Auto-generated code requires an explicit '#nullable' directive in source. [c:\Users\mathi\Documents\development\backend\UI-MVC\UI-MVC.csproj]
c:\Users\mathi\Documents\development\backend\UI-MVC\Views\WorkspaceAdmin\AdminManagement.cshtml(10,56): warning CS8669: The annotation for nullable reference types should only be used in code within a '#nullable' annotations context. Auto-generated code requires an explicit '#nullable' directive in source. [c:\Users\mathi\Documents\development\backend\UI-MVC\UI-MVC.csproj]
c:\Users\mathi\Documents\development\backend\UI-MVC\Views\WorkspaceAdmin\Ai\Prompts\Prompts.cshtml(19,56): warning CS8669: The annotation for nullable reference types should only be used in code within a '#nullable' annotations context. Auto-generated code requires an explicit '#nullable' directive in source. [c:\Users\mathi\Documents\development\backend\UI-MVC\UI-MVC.csproj]
c:\Users\mathi\Documents\development\backend\UI-MVC\Views\WorkspaceAdmin\Ai\Prompts\Prompts.cshtml(8,12): warning CS8321: The local function 'GetDescription' is declared but never used [c:\Users\mathi\Documents\development\backend\UI-MVC\UI-MVC.csproj]
c:\Users\mathi\Documents\development\backend\UI-MVC\Views\WorkspaceAdmin\Ai\Prompts\EditPrompt.cshtml(7,56): warning CS8669: The annotation for nullable reference types should only be used in code within a '#nullable' annotations context. Auto-generated code requires an explicit '#nullable' directive in source. [c:\Users\mathi\Documents\development\backend\UI-MVC\UI-MVC.csproj]
c:\Users\mathi\Documents\development\backend\UI-MVC\Views\WorkspaceAdmin\Ai\Limits\Limits.cshtml(10,56): warning CS8669: The annotation for nullable reference types should only be used in code within a '#nullable' annotations context. Auto-generated code requires an explicit '#nullable' directive in source. [c:\Users\mathi\Documents\development\backend\UI-MVC\UI-MVC.csproj]
c:\Users\mathi\Documents\development\backend\UI-MVC\Views\WorkspaceAdmin\Analytics\AnswersList.cshtml(10,56): warning CS8669: The annotation for nullable reference types should only be used in code within a '#nullable' annotations context. Auto-generated code requires an explicit '#nullable' directive in source. [c:\Users\mathi\Documents\development\backend\UI-MVC\UI-MVC.csproj]
c:\Users\mathi\Documents\development\backend\UI-MVC\Views\WorkspaceAdmin\Ai\Keywords\Keywords.cshtml(11,56): warning CS8669: The annotation for nullable reference types should only be used in code within a '#nullable' annotations context. Auto-generated code requires an explicit '#nullable' directive in source. [c:\Users\mathi\Documents\development\backend\UI-MVC\UI-MVC.csproj]
c:\Users\mathi\Documents\development\backend\UI-MVC\Views\WorkspaceAdmin\Ai\Costs\Costs.cshtml(11,56): warning CS8669: The annotation for nullable reference types should only be used in code within a '#nullable' annotations context. Auto-generated code requires an explicit '#nullable' directive in source. [c:\Users\mathi\Documents\development\backend\UI-MVC\UI-MVC.csproj]
c:\Users\mathi\Documents\development\backend\UI-MVC\Views\WorkspaceAdmin\Analytics\IdeasList.cshtml(10,56): warning CS8669: The annotation for nullable reference types should only be used in code within a '#nullable' annotations context. Auto-generated code requires an explicit '#nullable' directive in source. [c:\Users\mathi\Documents\development\backend\UI-MVC\UI-MVC.csproj]
c:\Users\mathi\Documents\development\backend\UI-MVC\Views\WorkspaceAdmin\Analytics\Index.cshtml(14,56): warning CS8669: The annotation for nullable reference types should only be used in code within a '#nullable' annotations context. Auto-generated code requires an explicit '#nullable' directive in source. [c:\Users\mathi\Documents\development\backend\UI-MVC\UI-MVC.csproj]
c:\Users\mathi\Documents\development\backend\UI-MVC\Middleware\WorkspaceMiddleware.cs(39,45): error CS1061: 'IWorkspaceRepository' does not contain a definition for 'ReadWorkspaceBySlug' and no accessible extension method 'ReadWorkspaceBySlug' accepting a first argument of type 'IWorkspaceRepository' could be found (are you missing a using directive or an assembly reference?) [c:\Users\mathi\Documents\development\backend\UI-MVC\UI-MVC.csproj]
    271 Warning(s)
    1 Error(s)

Time Elapsed 00:00:18.16
